Component: ARM Compiler 5.06 update 3 (build 300) Tool: armlink [4d35c9]

==============================================================================

Section Cross References

    stm32f4xx_gpio.o(.text) refers to stm32f4xx_rcc.o(.text) for RCC_AHB1PeriphResetCmd
    stm32f4xx_rcc.o(.text) refers to stm32f4xx_rcc.o(.data) for APBAHBPrescTable
    stm32f4xx_rng.o(.text) refers to stm32f4xx_rcc.o(.text) for RCC_AHB2PeriphResetCmd
    stm32f4xx_sdio.o(.text) refers to stm32f4xx_rcc.o(.text) for RCC_APB2PeriphResetCmd
    stm32f4xx_spi.o(.text) refers to stm32f4xx_rcc.o(.text) for RCC_APB2PeriphResetCmd
    stm32f4xx_syscfg.o(.text) refers to stm32f4xx_rcc.o(.text) for RCC_APB2PeriphResetCmd
    stm32f4xx_tim.o(.text) refers to stm32f4xx_rcc.o(.text) for RCC_APB2PeriphResetCmd
    stm32f4xx_usart.o(.text) refers to stm32f4xx_rcc.o(.text) for RCC_APB2PeriphResetCmd
    system_stm32f4xx.o(.text) refers to system_stm32f4xx.o(.data) for SystemCoreClock
    startup_stm32f4xx.o(RESET) refers to startup_stm32f4xx.o(STACK) for __initial_sp
    startup_stm32f4xx.o(RESET) refers to startup_stm32f4xx.o(.text) for Reset_Handler
    startup_stm32f4xx.o(RESET) refers to sys_misc.o(.text) for HardFault_Handler
    startup_stm32f4xx.o(RESET) refers to os_cpu_a.o(.text) for PendSV_Handler
    startup_stm32f4xx.o(RESET) refers to os_cpu_c.o(.text) for SysTick_Handler
    startup_stm32f4xx.o(RESET) refers to exti.o(.text) for EXTI9_5_IRQHandler
    startup_stm32f4xx.o(RESET) refers to w25p80.o(.text) for SPI2_IRQHandler
    startup_stm32f4xx.o(RESET) refers to sci.o(.text) for USART1_IRQHandler
    startup_stm32f4xx.o(RESET) refers to sdcard.o(.text) for SDIO_IRQHandler
    startup_stm32f4xx.o(.text) refers to system_stm32f4xx.o(.text) for SystemInit
    startup_stm32f4xx.o(.text) refers to entry.o(.ARM.Collect$$$$00000000) for __main
    sdcard.o(.text) refers to stm32f4xx_sdio.o(.text) for SDIO_ITConfig
    sdcard.o(.text) refers to timer.o(.text) for os_time_get
    sdcard.o(.text) refers to printf8.o(i.__0printf$8) for __2printf
    sdcard.o(.text) refers to mutex.o(.text) for mutex_lock
    sdcard.o(.text) refers to sdcard.o(.data) for sd_mutex
    sdcard.o(.text) refers to test_wifi.o(.data) for dbg_level
    sdcard.o(.text) refers to memory.o(.text) for mem_malloc_ex
    sdcard.o(.text) refers to sdcard.o(.constdata) for __FUNCTION__
    sdcard.o(.text) refers to sdcard.o(.bss) for cccr
    sdcard.o(.text) refers to stm32f4xx_gpio.o(.text) for GPIO_PinAFConfig
    sdcard.o(.text) refers to task.o(.text) for init_timer_tasklet
    sdcard.o(.text) refers to wait.o(.text) for init_event
    sdcard.o(.text) refers to stm32f4xx_rcc.o(.text) for RCC_APB2PeriphClockCmd
    sdcard.o(.text) refers to stm32f4xx_dma.o(.text) for DMA_ITConfig
    sdcard.o(.text) refers to misc.o(.text) for NVIC_Init
    sdcard.o(.text) refers to moal_sdio_mmc.o(.text) for sdio_reset
    sdcard.o(.text) refers to sdcard.o(i.local_irq_save) for local_irq_save
    sdcard.o(.text) refers to sdcard.o(i.local_irq_restore) for local_irq_restore
    sdcard.o(.text) refers to os_core.o(.text) for OSIntExit
    sdcard.o(.text) refers to os_core.o(.data) for OSIntNesting
    w25p80.o(.text) refers to stm32f4xx_spi.o(.text) for SPI_I2S_GetFlagStatus
    w25p80.o(.text) refers to sys_misc.o(.text) for delay_us
    w25p80.o(.text) refers to timer.o(.text) for os_time_get
    w25p80.o(.text) refers to printf8.o(i.__0printf$8) for __2printf
    w25p80.o(.text) refers to os_cpu_c.o(.data) for jiffies
    w25p80.o(.text) refers to test_wifi.o(.data) for dbg_level
    w25p80.o(.text) refers to w25p80.o(.constdata) for __FUNCTION__
    w25p80.o(.text) refers to w25p80.o(.bss) for m25_flash
    w25p80.o(.text) refers to memory.o(.text) for mem_malloc_ex
    w25p80.o(.text) refers to memcmp.o(.text) for memcmp
    w25p80.o(.text) refers to moal_main.o(.constdata) for fm_88w8287
    driver_misc.o(.text) refers to memory.o(.text) for sys_meminit
    driver_misc.o(.text) refers to stm32f4xx_rng.o(.text) for RNG_GetRandomNumber
    driver_misc.o(.text) refers to timer.o(.text) for os_time_get
    driver_misc.o(.text) refers to printf8.o(i.__0printf$8) for __2printf
    parallel.o(.text) refers to stm32f4xx_gpio.o(.text) for GPIO_ResetBits
    parallel.o(.text) refers to printf8.o(i.__0printf$8) for __2printf
    parallel.o(.text) refers to parallel.o(.data) for g_parallet
    parallel.o(.text) refers to sys_misc.o(.text) for delay_us
    exti.o(.text) refers to stm32f4xx_exti.o(.text) for EXTI_GetITStatus
    exti.o(.text) refers to printf8.o(i.__0printf$8) for __2printf
    exti.o(.text) refers to parallel.o(.text) for parallel_read
    exti.o(.text) refers to timer.o(.text) for os_time_get
    exti.o(.text) refers to misc.o(.text) for NVIC_PriorityGroupConfig
    exti.o(.text) refers to stm32f4xx_syscfg.o(.text) for SYSCFG_EXTILineConfig
    exti.o(.text) refers to task_parallet.o(.data) for pblock
[...]
    wlan_adhoc_start                         0x0803564f   Thumb Code   214  mlan_join.o(.text)
    wlan_adhoc_join                          0x08035725   Thumb Code   124  mlan_join.o(.text)
    wlan_disconnect                          0x080357a1   Thumb Code   180  mlan_join.o(.text)
    wlan_meas_util_send_req                  0x080359bf   Thumb Code   100  mlan_meas.o(.text)
    wlan_meas_cmd_process                    0x08035a23   Thumb Code    80  mlan_meas.o(.text)
    wlan_meas_cmdresp_process                0x08035a73   Thumb Code    58  mlan_meas.o(.text)
    wlan_misc_ioctl_host_cmd                 0x08035f25   Thumb Code    64  mlan_misc.o(.text)
    wlan_misc_ioctl_init_shutdown            0x08035f65   Thumb Code   106  mlan_misc.o(.text)
    wlan_get_info_debug_info                 0x08035fcf   Thumb Code  1698  mlan_misc.o(.text)
    wlan_pm_wakeup_card                      0x08036671   Thumb Code    34  mlan_misc.o(.text)
    wlan_pm_reset_card                       0x08036693   Thumb Code    38  mlan_misc.o(.text)
    wlan_pm_ioctl_hscfg                      0x080366b9   Thumb Code   216  mlan_misc.o(.text)
    wlan_alloc_mlan_buffer                   0x08036791   Thumb Code   246  mlan_misc.o(.text)
    wlan_free_mlan_buffer                    0x08036887   Thumb Code    50  mlan_misc.o(.text)
    wlan_delay_func                          0x080368b9   Thumb Code   172  mlan_misc.o(.text)
    wlan_bss_ioctl_bss_role                  0x08036965   Thumb Code   392  mlan_misc.o(.text)
    wlan_misc_ioctl_custom_ie_list           0x08036aed   Thumb Code  1374  mlan_misc.o(.text)
    wlan_reg_mem_ioctl_reg_rw                0x0803704b   Thumb Code   132  mlan_misc.o(.text)
    wlan_reg_mem_ioctl_read_eeprom           0x080370cf   Thumb Code    76  mlan_misc.o(.text)
    wlan_reg_mem_ioctl_mem_rw                0x0803711b   Thumb Code    80  mlan_misc.o(.text)
    wlan_is_station_list_empty               0x0803716b   Thumb Code    42  mlan_misc.o(.text)
    wlan_get_station_entry                   0x08037195   Thumb Code    98  mlan_misc.o(.text)
    wlan_add_station_entry                   0x080371f7   Thumb Code   196  mlan_misc.o(.text)
    wlan_delete_station_entry                0x080372bb   Thumb Code    94  mlan_misc.o(.text)
    wlan_delete_station_list                 0x08037319   Thumb Code   102  mlan_misc.o(.text)
    wlan_get_info_ver_ext                    0x0803737f   Thumb Code    62  mlan_misc.o(.text)
    wlan_reg_rx_mgmt_ind                     0x080373bd   Thumb Code    76  mlan_misc.o(.text)
    wlan_process_802dot11_mgmt_pkt           0x08037409   Thumb Code   304  mlan_misc.o(.text)
    wlan_misc_otp_user_data                  0x08037539   Thumb Code    86  mlan_misc.o(.text)
    wlan_is_wmm_ie_present                   0x0803758f   Thumb Code   126  mlan_misc.o(.text)
    wlan_get_specific_ie                     0x0803760d   Thumb Code    86  mlan_misc.o(.text)
    wlan_get_pm_info                         0x08037663   Thumb Code    90  mlan_misc.o(.text)
    wlan_get_hs_wakeup_reason                0x080376bd   Thumb Code    70  mlan_misc.o(.text)
    wlan_radio_ioctl_radio_ctl               0x08037703   Thumb Code   110  mlan_misc.o(.text)
    wlan_radio_ioctl_ant_cfg                 0x08037771   Thumb Code   274  mlan_misc.o(.text)
    wlan_rate_ioctl_cfg                      0x08037c29   Thumb Code    92  mlan_misc.o(.text)
    wlan_rate_ioctl_get_data_rate            0x08037c85   Thumb Code    68  mlan_misc.o(.text)
    wlan_misc_ioctl_txcontrol                0x08037cc9   Thumb Code    66  mlan_misc.o(.text)
    wlan_is_network_compatible               0x08037ec9   Thumb Code   954  mlan_scan.o(.text)
    wlan_save_curr_bcn                       0x080399cb   Thumb Code   172  mlan_scan.o(.text)
    wlan_ssid_cmp                            0x08039a77   Thumb Code    68  mlan_scan.o(.text)
    wlan_find_ssid_in_list                   0x08039abb   Thumb Code   392  mlan_scan.o(.text)
    wlan_flush_scan_table                    0x0803a12f   Thumb Code    70  mlan_scan.o(.text)
    wlan_scan_networks                       0x0803a175   Thumb Code   434  mlan_scan.o(.text)
    wlan_cmd_802_11_scan                     0x0803a327   Thumb Code    90  mlan_scan.o(.text)
    wlan_ret_802_11_scan                     0x0803a381   Thumb Code   934  mlan_scan.o(.text)
    wlan_cmd_802_11_scan_ext                 0x0803a727   Thumb Code    68  mlan_scan.o(.text)
    wlan_ret_802_11_scan_ext                 0x0803a76b   Thumb Code    18  mlan_scan.o(.text)
    wlan_handle_event_ext_scan_report        0x0803aab9   Thumb Code   224  mlan_scan.o(.text)
    wlan_cmd_802_11_bg_scan_query            0x0803ab99   Thumb Code    34  mlan_scan.o(.text)
    wlan_cmd_bgscan_config                   0x0803ae0b   Thumb Code   986  mlan_scan.o(.text)
    wlan_ret_bgscan_config                   0x0803b1e5   Thumb Code    80  mlan_scan.o(.text)
    wlan_ret_802_11_bgscan_query             0x0803b235   Thumb Code    64  mlan_scan.o(.text)
    wlan_find_bssid_in_list                  0x0803b275   Thumb Code   222  mlan_scan.o(.text)
    wlan_queue_scan_cmd                      0x0803b353   Thumb Code    84  mlan_scan.o(.text)
    wlan_find_best_network                   0x0803b3a7   Thumb Code   136  mlan_scan.o(.text)
    wlan_scan_specific_ssid                  0x0803b42f   Thumb Code   178  mlan_scan.o(.text)
    wlan_free_curr_bcn                       0x0803b4e1   Thumb Code    42  mlan_scan.o(.text)
    wlan_check_winner_status                 0x0803bda1   Thumb Code    52  mlan_sdio.o(.text)
    wlan_check_fw_status                     0x0803bdd5   Thumb Code    84  mlan_sdio.o(.text)
    wlan_dnld_fw                             0x0803be29   Thumb Code    42  mlan_sdio.o(.text)
    wlan_sdio_probe                          0x0803be53   Thumb Code    64  mlan_sdio.o(.text)
    read_int_status                          0x0803be93   Thumb Code    66  mlan_sdio.o(.text)
    wlan_interrupt                           0x0803bed5   Thumb Code   140  mlan_sdio.o(.text)
    wlan_enable_host_int                     0x0803bf61   Thumb Code    26  mlan_sdio.o(.text)
    wlan_process_int_status                  0x0803bf7b   Thumb Code   600  mlan_sdio.o(.text)
    wlan_sdio_host_to_card                   0x0803c1d3   Thumb Code   242  mlan_sdio.o(.text)
    wlan_set_sdio_gpio_int                   0x0803c2c5   Thumb Code    96  mlan_sdio.o(.text)
    wlan_cmd_sdio_gpio_int                   0x0803c325   Thumb Code    90  mlan_sdio.o(.text)
    mlan_register                            0x0803c3f3   Thumb Code  1340  mlan_shim.o(.text)
    mlan_unregister                          0x0803c92f   Thumb Code   108  mlan_shim.o(.text)
    mlan_dnld_fw                             0x0803c99b   Thumb Code   196  mlan_shim.o(.text)
    mlan_set_init_param                      0x0803ca5f   Thumb Code    64  mlan_shim.o(.text)
    mlan_init_fw                             0x0803ca9f   Thumb Code    56  mlan_shim.o(.text)
    mlan_shutdown_fw                         0x0803cad7   Thumb Code   176  mlan_shim.o(.text)
    mlan_main_process                        0x0803cb87   Thumb Code   804  mlan_shim.o(.text)
    mlan_send_packet                         0x0803ceab   Thumb Code   180  mlan_shim.o(.text)
    mlan_ioctl                               0x0803cf5f   Thumb Code    82  mlan_shim.o(.text)
    mlan_recv_packet_complete                0x0803cfb1   Thumb Code    36  mlan_shim.o(.text)
    mlan_select_wmm_queue                    0x0803cfd5   Thumb Code    44  mlan_shim.o(.text)
    mlan_interrupt                           0x0803d001   Thumb Code    46  mlan_shim.o(.text)
    wlan_ops_sta_prepare_cmd                 0x0803df73   Thumb Code  1508  mlan_sta_cmd.o(.text)
    wlan_ops_sta_init_cmd                    0x0803e557   Thumb Code   272  mlan_sta_cmd.o(.text)
    wlan_ops_sta_process_cmdresp             0x0803f2f1   Thumb Code  1602  mlan_sta_cmdresp.o(.text)
    wlan_reset_connect_state                 0x0803f935   Thumb Code   340  mlan_sta_event.o(.text)
    wlan_2040_coex_event                     0x0803faa5   Thumb Code    84  mlan_sta_event.o(.text)
    wlan_ops_sta_process_event               0x0803faf9   Thumb Code  1622  mlan_sta_event.o(.text)
    wlan_find_bss                            0x08041071   Thumb Code   274  mlan_sta_ioctl.o(.text)
    wlan_bss_ioctl_find_bss                  0x08041183   Thumb Code    70  mlan_sta_ioctl.o(.text)
    wlan_misc_ioctl_mac_control              0x0804334f   Thumb Code    88  mlan_sta_ioctl.o(.text)
    wlan_misc_ioctl_thermal                  0x080433a7   Thumb Code   122  mlan_sta_ioctl.o(.text)
    wlan_misc_ioctl_subscribe_evt            0x08043421   Thumb Code    80  mlan_sta_ioctl.o(.text)
    wlan_ipaddr_arp_filter                   0x08043471   Thumb Code   244  mlan_sta_ioctl.o(.text)
    wlan_ipaddr_auto_arp_resp                0x08043565   Thumb Code   288  mlan_sta_ioctl.o(.text)
    wlan_misc_ioctl_mef_cfg                  0x08043685   Thumb Code   362  mlan_sta_ioctl.o(.text)
    wlan_misc_ioctl_ipaddr_cfg               0x080437ef   Thumb Code   250  mlan_sta_ioctl.o(.text)
    wlan_misc_ioctl_cfp_code_cfg             0x080438e9   Thumb Code   448  mlan_sta_ioctl.o(.text)
    wlan_misc_ioctl_country_code             0x08043aa9   Thumb Code   212  mlan_sta_ioctl.o(.text)
    wlan_set_ewpa_mode                       0x08043f3f   Thumb Code    52  mlan_sta_ioctl.o(.text)
    wlan_ops_sta_ioctl                       0x08043f73   Thumb Code   284  mlan_sta_ioctl.o(.text)
    wlan_process_rx_packet                   0x08044099   Thumb Code   342  mlan_sta_rx.o(.text)
    wlan_ops_sta_process_rx_packet           0x080441ef   Thumb Code   372  mlan_sta_rx.o(.text)
    wlan_check_last_packet_indication        0x08044381   Thumb Code   180  mlan_sta_tx.o(.text)
    wlan_ops_sta_process_txpd                0x08044435   Thumb Code   290  mlan_sta_tx.o(.text)
    wlan_send_null_packet                    0x08044557   Thumb Code   280  mlan_sta_tx.o(.text)
    wlan_handle_rx_packet                    0x08044723   Thumb Code   186  mlan_txrx.o(.text)
    wlan_write_data_complete                 0x080447dd   Thumb Code   116  mlan_txrx.o(.text)
    wlan_process_tx                          0x08044851   Thumb Code   234  mlan_txrx.o(.text)
    wlan_recv_packet_complete                0x0804493b   Thumb Code   156  mlan_txrx.o(.text)
    wlan_add_buf_bypass_txqueue              0x080449d7   Thumb Code    90  mlan_txrx.o(.text)
    wlan_bypass_tx_list_empty                0x08044a31   Thumb Code    46  mlan_txrx.o(.text)
    wlan_cleanup_bypass_txq                  0x08044a5f   Thumb Code    92  mlan_txrx.o(.text)
    wlan_process_bypass_tx                   0x08044abb   Thumb Code   186  mlan_txrx.o(.text)
    wlan_check_specific_ie                   0x080468ef   Thumb Code   222  mlan_uap_cmdevent.o(.text)
    wlan_ops_uap_prepare_cmd                 0x08046dd5   Thumb Code   882  mlan_uap_cmdevent.o(.text)
    wlan_ops_uap_process_cmdresp             0x08047147   Thumb Code  1000  mlan_uap_cmdevent.o(.text)
    wlan_ops_uap_process_event               0x0804752f   Thumb Code  1184  mlan_uap_cmdevent.o(.text)
    wlan_ops_uap_init_cmd                    0x080479cf   Thumb Code    92  mlan_uap_cmdevent.o(.text)
    wlan_uap_set_channel                     0x08047a69   Thumb Code    88  mlan_uap_ioctl.o(.text)
    wlan_uap_get_channel                     0x08047b8f   Thumb Code    72  mlan_uap_ioctl.o(.text)
    wlan_uap_get_beacon_dtim                 0x08048635   Thumb Code    84  mlan_uap_ioctl.o(.text)
    wlan_ops_uap_ioctl                       0x08048689   Thumb Code  1156  mlan_uap_ioctl.o(.text)
    wlan_ops_uap_process_txpd                0x08048c39   Thumb Code   266  mlan_uap_txrx.o(.text)
    wlan_process_uap_rx_packet               0x08048d43   Thumb Code   440  mlan_uap_txrx.o(.text)
    wlan_ops_uap_process_rx_packet           0x08048efb   Thumb Code   336  mlan_uap_txrx.o(.text)
    wlan_uap_recv_packet                     0x0804904b   Thumb Code   380  mlan_uap_txrx.o(.text)
    wlan_wmm_get_ralist_node                 0x08049803   Thumb Code    92  mlan_wmm.o(.text)
    wlan_get_random_ba_threshold             0x0804985f   Thumb Code    74  mlan_wmm.o(.text)
    wlan_ralist_add                          0x080498a9   Thumb Code   278  mlan_wmm.o(.text)
    wlan_is_ralist_valid                     0x08049d33   Thumb Code    76  mlan_wmm.o(.text)
    wlan_updata_ralist_tx_pause              0x0804a2b1   Thumb Code   162  mlan_wmm.o(.text)
    wlan_clean_txrx                          0x0804a353   Thumb Code   122  mlan_wmm.o(.text)
    wlan_wmm_default_queue_priorities        0x0804a3cd   Thumb Code    34  mlan_wmm.o(.text)
    wlan_wmm_setup_queue_priorities          0x0804a3ef   Thumb Code   280  mlan_wmm.o(.text)
    wlan_wmm_setup_ac_downgrade              0x0804a507   Thumb Code    72  mlan_wmm.o(.text)
    wlan_wmm_init                            0x0804a54f   Thumb Code   216  mlan_wmm.o(.text)
    wlan_wmm_setup_queues                    0x0804a627   Thumb Code    28  mlan_wmm.o(.text)
    wlan_cmd_wmm_status_change               0x0804a643   Thumb Code    38  mlan_wmm.o(.text)
    wlan_wmm_lists_empty                     0x0804a669   Thumb Code    86  mlan_wmm.o(.text)
    wlan_ralist_update                       0x0804a6bf   Thumb Code   142  mlan_wmm.o(.text)
    wlan_wmm_add_buf_txqueue                 0x0804a74d   Thumb Code   414  mlan_wmm.o(.text)
    wlan_ret_wmm_get_status                  0x0804a8eb   Thumb Code   362  mlan_wmm.o(.text)
    wlan_wmm_process_association_req         0x0804aa55   Thumb Code   198  mlan_wmm.o(.text)
    wlan_wmm_compute_driver_packet_delay     0x0804ab1b   Thumb Code    92  mlan_wmm.o(.text)
    wlan_wmm_process_tx                      0x0804ab77   Thumb Code    50  mlan_wmm.o(.text)
    wlan_wmm_select_queue                    0x0804aba9   Thumb Code    72  mlan_wmm.o(.text)
    wlan_drop_tx_pkts                        0x0804acb9   Thumb Code   104  mlan_wmm.o(.text)
    wlan_wmm_delete_peer_ralist              0x0804ad21   Thumb Code   224  mlan_wmm.o(.text)
    wlan_cmd_wmm_addts_req                   0x0804ae01   Thumb Code    84  mlan_wmm.o(.text)
    wlan_ret_wmm_addts_req                   0x0804ae55   Thumb Code   102  mlan_wmm.o(.text)
    wlan_cmd_wmm_delts_req                   0x0804aebb   Thumb Code    82  mlan_wmm.o(.text)
    wlan_ret_wmm_delts_req                   0x0804af0d   Thumb Code    78  mlan_wmm.o(.text)
    wlan_cmd_wmm_queue_stats                 0x0804af5b   Thumb Code   120  mlan_wmm.o(.text)
    wlan_ret_wmm_queue_stats                 0x0804afd3   Thumb Code   104  mlan_wmm.o(.text)
    wlan_cmd_wmm_ts_status                   0x0804b03b   Thumb Code    58  mlan_wmm.o(.text)
    wlan_ret_wmm_ts_status                   0x0804b075   Thumb Code    76  mlan_wmm.o(.text)
    wlan_cmd_wmm_queue_config                0x0804b29d   Thumb Code    48  mlan_wmm.o(.text)
    wlan_ret_wmm_queue_config                0x0804b2cd   Thumb Code    40  mlan_wmm.o(.text)
    wlan_wmm_cfg_ioctl                       0x0804b335   Thumb Code   196  mlan_wmm.o(.text)
    wlan_11d_parse_domain_info               0x0804b9c1   Thumb Code   234  mlan_11d.o(.text)
    wlan_is_station                          0x0804bce7   Thumb Code    22  mlan_11d.o(.text)
    wlan_11d_is_enabled                      0x0804bcfd   Thumb Code    24  mlan_11d.o(.text)
    wlan_11d_priv_init                       0x0804bd15   Thumb Code    50  mlan_11d.o(.text)
    wlan_11d_init                            0x0804bd47   Thumb Code    62  mlan_11d.o(.text)
    wlan_11d_enable                          0x0804bd85   Thumb Code    80  mlan_11d.o(.text)
    wlan_cmd_802_11d_domain_info             0x0804bdd5   Thumb Code   160  mlan_11d.o(.text)
    wlan_ret_802_11d_domain_info             0x0804be75   Thumb Code    88  mlan_11d.o(.text)
    wlan_11d_chan_2_freq                     0x0804becd   Thumb Code    70  mlan_11d.o(.text)
    wlan_11d_set_universaltable              0x0804bf13   Thumb Code   226  mlan_11d.o(.text)
    wlan_11d_get_scan_type                   0x0804bff5   Thumb Code    58  mlan_11d.o(.text)
    wlan_11d_clear_parsedtable               0x0804c02f   Thumb Code    54  mlan_11d.o(.text)
    wlan_11d_create_dnld_countryinfo         0x0804c065   Thumb Code   244  mlan_11d.o(.text)
    wlan_11d_parse_dnld_countryinfo          0x0804c159   Thumb Code   272  mlan_11d.o(.text)
    wlan_11d_prepare_dnld_domain_info_cmd    0x0804c269   Thumb Code   188  mlan_11d.o(.text)
    wlan_11d_cfg_domain_info                 0x0804c325   Thumb Code   120  mlan_11d.o(.text)
    wlan_11d_handle_uap_domain_info          0x0804c39d   Thumb Code   116  mlan_11d.o(.text)
    iwdg_init                                0x0804c411   Thumb Code    34  main.o(.text)
    Init_Wifi                                0x0804c433   Thumb Code   114  main.o(.text)
    task_led                                 0x0804c4a5   Thumb Code    48  main.o(.text)
    task_uart                                0x0804c4d5   Thumb Code    82  main.o(.text)
    cpuidGetId                               0x0804c527   Thumb Code    26  main.o(.text)
    main_thread                              0x0804c541   Thumb Code   228  main.o(.text)
    main                                     0x0804c625   Thumb Code    42  main.o(.text)
    LED_Configuration                        0x0804c885   Thumb Code    40  led.o(.text)
    LED_Blink                                0x0804c8bb   Thumb Code    84  led.o(.text)
    One_LED_ON                               0x0804c90f   Thumb Code   104  led.o(.text)
    ZQWL_System_Clock_Init                   0x0804c98d   Thumb Code   122  test_wifi.o(.text)
    Auto_Get_IP                              0x0804ca07   Thumb Code   188  test_wifi.o(.text)
    close_socket                             0x0804cac3   Thumb Code   428  test_wifi.o(.text)
    TCP_Link                                 0x0804cc6f   Thumb Code   792  test_wifi.o(.text)
    TCP_Unlink                               0x0804cf87   Thumb Code   106  test_wifi.o(.text)
    TCP_Accept_Task                          0x0804cff1   Thumb Code   324  test_wifi.o(.text)
    Create_TCP_Server                        0x0804d135   Thumb Code   620  test_wifi.o(.text)
    TCP_Send_Data                            0x0804d3a1   Thumb Code   130  test_wifi.o(.text)
    DNS                                      0x0804d423   Thumb Code   184  test_wifi.o(.text)
    UDP_Create_Server                        0x0804d4db   Thumb Code   392  test_wifi.o(.text)
    UDP_Sendto_Data                          0x0804d663   Thumb Code   136  test_wifi.o(.text)
    Init_Udhcpd                              0x0804d6eb   Thumb Code   590  test_wifi.o(.text)
    Enable_Dhcp_Server                       0x0804d939   Thumb Code    92  test_wifi.o(.text)
    delay_1us                                0x0804d9e9   Thumb Code    14  sys_misc.o(.text)
    delay_us                                 0x0804d9f7   Thumb Code    20  sys_misc.o(.text)
    assert_failed                            0x0804da0b   Thumb Code    74  sys_misc.o(.text)
    HardFault_Handler                        0x0804da55   Thumb Code    78  sys_misc.o(.text)
    App_TaskCreateHook                       0x0804daa3   Thumb Code     4  sys_misc.o(.text)
    App_TaskDelHook                          0x0804daa7   Thumb Code     4  sys_misc.o(.text)
    App_TaskReturnHook                       0x0804daab   Thumb Code     4  sys_misc.o(.text)
    App_TCBInitHook                          0x0804daaf   Thumb Code     4  sys_misc.o(.text)
    App_TaskSwHook                           0x0804dab3   Thumb Code     2  sys_misc.o(.text)
    App_TimeTickHook                         0x0804dab5   Thumb Code     2  sys_misc.o(.text)
    App_TaskStatHook                         0x0804dab7   Thumb Code    10  sys_misc.o(.text)
    fputc                                    0x0804db05   Thumb Code    32  sci.o(.text)
    USART_Configuration                      0x0804db25   Thumb Code   186  sci.o(.text)
    USART1_IRQHandler                        0x0804dbdf   Thumb Code   124  sci.o(.text)
    RS232_Send_Data                          0x0804dc5b   Thumb Code    38  sci.o(.text)
    task_parallet                            0x0804dc95   Thumb Code   260  task_parallet.o(.text)
    ZQWL_W8782_IRQ_Handler                   0x0804ddf9   Thumb Code    72  tcp_client.o(.text)
    send_ex                                  0x0804de41   Thumb Code    56  tcp_client.o(.text)
    Task_TCP_Client                          0x0804de79   Thumb Code   498  tcp_client.o(.text)
    Task_Client_Sock_Stats                   0x0804e06b   Thumb Code    76  tcp_client.o(.text)
    get_wifi_dev                             0x0804e161   Thumb Code     6  wifi.o(.text)
    is_hw_ok                                 0x0804e167   Thumb Code    14  wifi.o(.text)
    wifi_disconnect                          0x0804e175   Thumb Code    60  wifi.o(.text)
    wifi_stop_ap                             0x0804e1b1   Thumb Code    50  wifi.o(.text)
    wifi_set_mode                            0x0804e1e3   Thumb Code   172  wifi.o(.text)
    wifi_set_multicast                       0x0804e28f   Thumb Code    66  wifi.o(.text)
    wifi_set_promisc                         0x0804e2d1   Thumb Code    12  wifi.o(.text)
    wifi_set_channel                         0x0804e2dd   Thumb Code    98  wifi.o(.text)
    wifi_ap_cfg                              0x0804e33f   Thumb Code   312  wifi.o(.text)
    wifi_join_adhoc                          0x0804e477   Thumb Code   174  wifi.o(.text)
    wifi_leave_adhoc                         0x0804e525   Thumb Code   204  wifi.o(.text)
    wifi_get_sta_list                        0x0804e5f1   Thumb Code    76  wifi.o(.text)
    new_scan_req                             0x0804e63d   Thumb Code   244  wifi.o(.text)
    wifi_scan                                0x0804e731   Thumb Code    82  wifi.o(.text)
    is_wifi_connected                        0x0804e783   Thumb Code    18  wifi.o(.text)
    wifi_connect                             0x0804e795   Thumb Code   188  wifi.o(.text)
    wifi_get_mac                             0x0804e851   Thumb Code    20  wifi.o(.text)
    wifi_get_stats                           0x0804e865   Thumb Code    72  wifi.o(.text)
    wifi_power_cfg                           0x0804e8ad   Thumb Code   212  wifi.o(.text)
    event_callback                           0x0804e981   Thumb Code     6  wifi.o(.text)
    create_mac                               0x0804e987   Thumb Code   110  wifi.o(.text)
    register_netdev                          0x0804e9f5   Thumb Code    34  wifi.o(.text)
    Fix_ZQWL_Params                          0x0804ea25   Thumb Code    72  wifi_config.o(.text)
    Init_W8782                               0x0804ea6d   Thumb Code    32  wifi_config.o(.text)
    tcpip_init_end                           0x0804ea8d   Thumb Code     2  wifi_config.o(.text)
    lwip_netif_init                          0x0804ea8f   Thumb Code   110  wifi_config.o(.text)
    Init_Lwip                                0x0804eafd   Thumb Code    52  wifi_config.o(.text)
    Wifi_Get_Status                          0x0804eb31   Thumb Code    72  wifi_config.o(.text)
    Create_AP                                0x0804eb79   Thumb Code    46  wifi_config.o(.text)
    Power_Mode                               0x0804eba7   Thumb Code   212  wifi_config.o(.text)
    print_scan_result                        0x0804ec7b   Thumb Code   128  wifi_config.o(.text)
    scan_result_fun                          0x0804ecfb   Thumb Code    14  wifi_config.o(.text)
    Get_Station_List                         0x0804ed09   Thumb Code    76  wifi_config.o(.text)
    Scan_Wifi                                0x0804ed55   Thumb Code    14  wifi_config.o(.text)
    Wifi_Connect                             0x0804ed63   Thumb Code    48  wifi_config.o(.text)
    Wifi_Stop_AP                             0x0804ed93   Thumb Code    50  wifi_config.o(.text)
    Wifi_Disconnect                          0x0804edc5   Thumb Code   208  wifi_config.o(.text)
    Wifi_Set_Mode                            0x0804ee95   Thumb Code   172  wifi_config.o(.text)
    Get_Socket_Status                        0x0804ef4d   Thumb Code   160  zqwl_eth_driver.o(.text)
    is_dhcp_socket                           0x0804efed   Thumb Code    50  zqwl_eth_driver.o(.text)
    tcp_recv_thread                          0x0804f01f   Thumb Code   328  zqwl_eth_driver.o(.text)
    MCU_Soft_Reset                           0x0804f167   Thumb Code    30  zqwl_eth_driver.o(.text)
    Wifi_Join_Adhoc                          0x0804f185   Thumb Code    32  zqwl_eth_driver.o(.text)
    Wifi_Leave_Adhoc                         0x0804f1a5   Thumb Code    58  zqwl_eth_driver.o(.text)
    UDP_Link                                 0x0804f1df   Thumb Code   148  zqwl_eth_driver.o(.text)
    UDP_Create_Client                        0x0804f273   Thumb Code   112  zqwl_eth_driver.o(.text)
    __rt_ctype_table                         0x0804f301   Thumb Code     4  ctype_o.o(.text)
    tolower                                  0x0804f309   Thumb Code    12  tolower.o(.text)
    ____aeabi_memcpy8$ret$move               0x0804f315   Thumb Code     0  memmove.o(.text)
    ___aeabi_memmove4$ret                    0x0804f315   Thumb Code     0  memmove.o(.text)
    ___aeabi_memmove8$ret                    0x0804f315   Thumb Code     0  memmove.o(.text)
    __aeabi_memcpy                           0x0804f315   Thumb Code    66  memmove.o(.text)
    __aeabi_memcpy4                          0x0804f315   Thumb Code     0  memmove.o(.text)
    __aeabi_memmove                          0x0804f315   Thumb Code     0  memmove.o(.text)
    memcpy                                   0x0804f315   Thumb Code     0  memmove.o(.text)
    memmove                                  0x0804f315   Thumb Code     0  memmove.o(.text)
    __aeabi_memset                           0x0804f357   Thumb Code    14  memseta.o(.text)
    __aeabi_memset4                          0x0804f357   Thumb Code     0  memseta.o(.text)
    __aeabi_memset8                          0x0804f357   Thumb Code     0  memseta.o(.text)
    __aeabi_memclr                           0x0804f365   Thumb Code     4  memseta.o(.text)
    __aeabi_memclr4                          0x0804f365   Thumb Code     0  memseta.o(.text)
    __aeabi_memclr8                          0x0804f365   Thumb Code     0  memseta.o(.text)
    memset                                   0x0804f369   Thumb Code    18  memseta.o(.text)
    strcat                                   0x0804f37b   Thumb Code    24  strcat.o(.text)
    strncpy                                  0x0804f393   Thumb Code    24  strncpy.o(.text)
    strlen                                   0x0804f3ab   Thumb Code    14  strlen.o(.text)
    strcmp                                   0x0804f3b9   Thumb Code    28  strcmp.o(.text)
    memcmp                                   0x0804f3d5   Thumb Code    26  memcmp.o(.text)
    strcpy                                   0x0804f3ef   Thumb Code    18  strcpy.o(.text)
    strncmp                                  0x0804f401   Thumb Code    30  strncmp.o(.text)
    __aeabi_uidiv                            0x0804f41f   Thumb Code     0  uidiv.o(.text)
    __aeabi_uidivmod                         0x0804f41f   Thumb Code    44  uidiv.o(.text)
    __aeabi_uldivmod                         0x0804f44b   Thumb Code    98  uldiv.o(.text)
    __I$use$fp                               0x0804f4ad   Thumb Code     0  iusefp.o(.text)
    __aeabi_dadd                             0x0804f4ad   Thumb Code   322  dadd.o(.text)
    __aeabi_dsub                             0x0804f5ef   Thumb Code     6  dadd.o(.text)
    __aeabi_drsub                            0x0804f5f5   Thumb Code     6  dadd.o(.text)
    __aeabi_dmul                             0x0804f5fb   Thumb Code   228  dmul.o(.text)
    __aeabi_ddiv                             0x0804f6df   Thumb Code   222  ddiv.o(.text)
    __aeabi_d2ulz                            0x0804f7bd   Thumb Code    48  dfixul.o(.text)
    __aeabi_cdrcmple                         0x0804f7ed   Thumb Code    48  cdrcmple.o(.text)
    __scatterload                            0x0804f81d   Thumb Code    28  init.o(.text)
    __scatterload_rt2                        0x0804f81d   Thumb Code     0  init.o(.text)
    __aeabi_llsl                             0x0804f841   Thumb Code    30  llshl.o(.text)
    _ll_shift_l                              0x0804f841   Thumb Code     0  llshl.o(.text)
    __aeabi_llsr                             0x0804f85f   Thumb Code    32  llushr.o(.text)
    _ll_ushift_r                             0x0804f85f   Thumb Code     0  llushr.o(.text)
    __aeabi_lasr                             0x0804f87f   Thumb Code    36  llsshr.o(.text)
    _ll_sshift_r                             0x0804f87f   Thumb Code     0  llsshr.o(.text)
    _double_round                            0x0804f8a3   Thumb Code    30  depilogue.o(.text)
    _double_epilogue                         0x0804f8c1   Thumb Code   156  depilogue.o(.text)
    __decompress                             0x0804f95d   Thumb Code     0  __dclz77c.o(.text)
    __decompress2                            0x0804f95d   Thumb Code    94  __dclz77c.o(.text)
    __0printf$8                              0x0804f9bd   Thumb Code    22  printf8.o(i.__0printf$8)
    __1printf$8                              0x0804f9bd   Thumb Code     0  printf8.o(i.__0printf$8)
    __2printf                                0x0804f9bd   Thumb Code     0  printf8.o(i.__0printf$8)
    __0snprintf                              0x0804f9dd   Thumb Code    44  printfa.o(i.__0snprintf)
    __1snprintf                              0x0804f9dd   Thumb Code     0  printfa.o(i.__0snprintf)
    __2snprintf$full                         0x0804f9dd   Thumb Code     0  printfa.o(i.__0snprintf)
    __c89snprintf                            0x0804f9dd   Thumb Code     0  printfa.o(i.__0snprintf)
    snprintf                                 0x0804f9dd   Thumb Code     0  printfa.o(i.__0snprintf)
    __0snprintf$8                            0x0804fa0d   Thumb Code    44  printf8.o(i.__0snprintf$8)
    __1snprintf$8                            0x0804fa0d   Thumb Code     0  printf8.o(i.__0snprintf$8)
    __2snprintf                              0x0804fa0d   Thumb Code     0  printf8.o(i.__0snprintf$8)
    __0sprintf$8                             0x0804fa3d   Thumb Code    34  printf8.o(i.__0sprintf$8)
    __1sprintf$8                             0x0804fa3d   Thumb Code     0  printf8.o(i.__0sprintf$8)
    __2sprintf                               0x0804fa3d   Thumb Code     0  printf8.o(i.__0sprintf$8)
    __free$realloc                           0x0804fa65   Thumb Code    88  mallocr.o(i.__free$realloc)
    __malloc$realloc                         0x0804fac1   Thumb Code    64  mallocr.o(i.__malloc$realloc)
    __scatterload_copy                       0x0804fb11   Thumb Code    14  handlers.o(i.__scatterload_copy)
    __scatterload_null                       0x0804fb1f   Thumb Code     2  handlers.o(i.__scatterload_null)
    __scatterload_zeroinit                   0x0804fb21   Thumb Code    14  handlers.o(i.__scatterload_zeroinit)
    exit_interrupt                           0x0805087d   Thumb Code    24  os_cpu_c.o(i.exit_interrupt)
    local_irq_restore                        0x080508e9   Thumb Code    12  sdcard.o(i.local_irq_restore)
    local_irq_save                           0x080508f5   Thumb Code    14  sdcard.o(i.local_irq_save)
    realloc                                  0x08050905   Thumb Code   102  mallocr.o(i.realloc)
    OSUnMapTbl                               0x080509e3   Data         256  os_core.o(.constdata)
    not_used_name                            0x08050b0e   Data           9  memory.o(.constdata)
    pvNullPointer                            0x08050c2c   Data           4  sys_arch.o(.constdata)
    zero_ref                                 0x08050c40   Data           4  def.o(.constdata)
    memp_sizes                               0x08050c58   Data          32  memp.o(.constdata)
    tcp_state_str                            0x08050c8c   Data          44  tcp.o(.constdata)
    tcp_backoff                              0x08050cb8   Data          13  tcp.o(.constdata)
    tcp_persist_backoff                      0x08050cc5   Data           7  tcp.o(.constdata)
    tcp_pcb_lists                            0x08050ccc   Data          16  tcp.o(.constdata)
    ip_addr_any                              0x08050d44   Data           4  ip_addr.o(.constdata)
    ip_addr_broadcast                        0x08050d48   Data           4  ip_addr.o(.constdata)
    ethbroadcast                             0x08050da6   Data           6  etharp.o(.constdata)
    ethzero                                  0x08050dac   Data           6  etharp.o(.constdata)
    broken_vendors                           0x08050db2   Data          16  dhcpd.o(.constdata)
    blank_chaddr                             0x08050de6   Data          16  leases.o(.constdata)
    options                                  0x08050e00   Data         324  options.o(.constdata)
    option_lengths                           0x08050f44   Data          40  options.o(.constdata)
    cfg80211_rates                           0x080510e4   Data         168  moal_cfg80211.o(.constdata)
    cfg80211_channels_2ghz                   0x0805118c   Data         504  moal_cfg80211.o(.constdata)
    cfg80211_channels_5ghz                   0x08051384   Data        1116  moal_cfg80211.o(.constdata)
    cfg80211_cipher_suites                   0x080517e0   Data          40  moal_cfg80211.o(.constdata)
    fm_88w8287                               0x080518b0   Data       249580  moal_main.o(.constdata)
    woal_netdev_ops                          0x0808e79c   Data          40  moal_main.o(.constdata)
    woal_uap_netdev_ops                      0x0808e7c4   Data          40  moal_main.o(.constdata)
    ac_to_tid                                0x0808ebc1   Data           8  mlan_wmm.o(.constdata)
    __ctype_table                            0x0808ed00   Data         129  ctype_o.o(.constdata)
    Region$$Table$$Base                      0x0808f084   Number         0  anon$$obj.o(Region$$Table)
    Region$$Table$$Limit                     0x0808f0a4   Number         0  anon$$obj.o(Region$$Table)
    SystemCoreClock                          0x20000010   Data           4  system_stm32f4xx.o(.data)
    AHBPrescTable                            0x20000014   Data          16  system_stm32f4xx.o(.data)
    g_parallet                               0x20000030   Data           2  parallel.o(.data)
    OSCtxSwCtr                               0x20000034   Data           4  os_core.o(.data)
    OSEventFreeList                          0x20000038   Data           4  os_core.o(.data)
    OSFlagFreeList                           0x2000003c   Data           4  os_core.o(.data)
    OSCPUUsage                               0x20000040   Data           1  os_core.o(.data)
    OSIdleCtrMax                             0x20000044   Data           4  os_core.o(.data)
    OSIdleCtrRun                             0x20000048   Data           4  os_core.o(.data)
    OSStatRdy                                0x2000004c   Data           1  os_core.o(.data)
    OSIntNesting                             0x2000004d   Data           1  os_core.o(.data)
    OSLockNesting                            0x2000004e   Data           1  os_core.o(.data)
    OSPrioCur                                0x2000004f   Data           1  os_core.o(.data)
    OSPrioHighRdy                            0x20000050   Data           1  os_core.o(.data)
    OSRdyGrp                                 0x20000051   Data           1  os_core.o(.data)
    OSRdyTbl                                 0x20000052   Data           5  os_core.o(.data)
    OSRunning                                0x20000057   Data           1  os_core.o(.data)
    OSTaskCtr                                0x20000058   Data           1  os_core.o(.data)
    OSIdleCtr                                0x2000005c   Data           4  os_core.o(.data)
    OSTCBCur                                 0x20000060   Data           4  os_core.o(.data)
    OSTCBFreeList                            0x20000064   Data           4  os_core.o(.data)
    OSTCBHighRdy                             0x20000068   Data           4  os_core.o(.data)
    OSTCBList                                0x2000006c   Data           4  os_core.o(.data)
    OSTickStepState                          0x20000070   Data           1  os_core.o(.data)
    OSMemFreeList                            0x20000074   Data           4  os_core.o(.data)
    OSQFreeList                              0x20000078   Data           4  os_core.o(.data)
    OSTime                                   0x2000007c   Data           4  os_core.o(.data)
    OSTmrFree                                0x20000080   Data           2  os_core.o(.data)
    OSTmrUsed                                0x20000082   Data           2  os_core.o(.data)
    OSTmrTime                                0x20000084   Data           4  os_core.o(.data)
    OSTmrSem                                 0x20000088   Data           4  os_core.o(.data)
    OSTmrSemSignal                           0x2000008c   Data           4  os_core.o(.data)
    OSTmrFreeList                            0x20000090   Data           4  os_core.o(.data)
    jiffies                                  0x20000098   Data           4  os_cpu_c.o(.data)
    tick_ms                                  0x2000009c   Data           4  os_cpu_c.o(.data)
    errno                                    0x200000d8   Data           4  sockets.o(.data)
    mbox                                     0x200000e4   Data           4  tcpip.o(.data)
    timeoutslist                             0x200000ec   Data           4  sys_arch.o(.data)
    netif_list                               0x20000104   Data           4  netif.o(.data)
    netif_default                            0x20000108   Data           4  netif.o(.data)
    pbuf_free_ooseq_pending                  0x2000010d   Data           1  pbuf.o(.data)
    tcp_ticks                                0x20000118   Data           4  tcp.o(.data)
    tcp_bound_pcbs                           0x2000011c   Data           4  tcp.o(.data)
    tcp_listen_pcbs                          0x20000120   Data           4  tcp.o(.data)
    tcp_active_pcbs                          0x20000124   Data           4  tcp.o(.data)
    tcp_tw_pcbs                              0x20000128   Data           4  tcp.o(.data)
    tcp_tmp_pcb                              0x2000012c   Data           4  tcp.o(.data)
    tcp_active_pcbs_changed                  0x20000130   Data           1  tcp.o(.data)
    tcp_input_pcb                            0x20000154   Data           4  tcp_in.o(.data)
    udp_pcbs                                 0x20000164   Data           4  udp.o(.data)
    current_netif                            0x20000174   Data           4  ip.o(.data)
    current_header                           0x20000178   Data           4  ip.o(.data)
    current_iphdr_src                        0x2000017c   Data           4  ip.o(.data)
    current_iphdr_dest                       0x20000180   Data           4  ip.o(.data)
    tx_skb                                   0x20000190   Data           4  ethernetif.o(.data)
    leases                                   0x2000019c   Data           4  dhcpd.o(.data)
    dhcp_packet                              0x200001a0   Data           4  dhcpd.o(.data)
    usr_scan_result_callback                 0x200001a8   Data           4  usr_cfg.o(.data)
    cfg80211_band_2ghz                       0x200001ac   Data          44  moal_cfg80211.o(.data)
    cfg80211_band_5ghz                       0x200001d8   Data          44  moal_cfg80211.o(.data)
    driver_version                           0x2000022c   Data          10  moal_main.o(.data)
    fw_name                                  0x20000238   Data           4  moal_main.o(.data)
    req_fw_nowait                            0x2000023c   Data           4  moal_main.o(.data)
    mac_addr                                 0x20000240   Data           4  moal_main.o(.data)
    intmode                                  0x20000244   Data           4  moal_main.o(.data)
    gpiopin                                  0x20000248   Data           4  moal_main.o(.data)
    auto_ds                                  0x2000024c   Data           4  moal_main.o(.data)
    ps_mode                                  0x20000250   Data           4  moal_main.o(.data)
    max_tx_buf                               0x20000254   Data           4  moal_main.o(.data)
    max_sta_bss                              0x20000258   Data           4  moal_main.o(.data)
    sta_name                                 0x2000025c   Data           4  moal_main.o(.data)
    max_uap_bss                              0x20000260   Data           4  moal_main.o(.data)
    uap_name                                 0x20000264   Data           4  moal_main.o(.data)
    cfg_11d                                  0x20000268   Data           4  moal_main.o(.data)
    cal_data_cfg                             0x2000026c   Data           4  moal_main.o(.data)
    init_cfg                                 0x20000270   Data           4  moal_main.o(.data)
    cfg80211_wext                            0x20000274   Data           4  moal_main.o(.data)
    wq_sched_prio                            0x20000278   Data           4  moal_main.o(.data)
    drv_mode                                 0x2000027c   Data           4  moal_main.o(.data)
    AddRemoveCardSem                         0x20000280   Data           4  moal_main.o(.data)
    m_handle                                 0x20000284   Data           4  moal_main.o(.data)
    woal_callbacks                           0x2000028c   Data         132  moal_shim.o(.data)
    woal_cfg80211_sta_ops                    0x20000310   Data          96  moal_sta_cfg80211.o(.data)
    woal_cfg80211_uap_ops                    0x20000374   Data          96  moal_uap_cfg80211.o(.data)
    region_code_index                        0x200012f0   Data          18  mlan_cfp.o(.data)
    cfp_code_index_bg                        0x20001302   Data           2  mlan_cfp.o(.data)
    cfp_code_index_a                         0x20001304   Data          10  mlan_cfp.o(.data)
    AdhocRates_B                             0x2000130e   Data           5  mlan_cfp.o(.data)
    AdhocRates_G                             0x20001313   Data           9  mlan_cfp.o(.data)
    AdhocRates_BG                            0x2000131c   Data          13  mlan_cfp.o(.data)
    AdhocRates_A                             0x20001329   Data           9  mlan_cfp.o(.data)
    SupportedRates_A                         0x20001332   Data           9  mlan_cfp.o(.data)
    WlanDataRates                            0x2000133c   Data          64  mlan_cfp.o(.data)
    SupportedRates_B                         0x2000137c   Data           5  mlan_cfp.o(.data)
    SupportedRates_G                         0x20001381   Data           9  mlan_cfp.o(.data)
    SupportedRates_BG                        0x2000138a   Data          13  mlan_cfp.o(.data)
    SupportedRates_N                         0x20001397   Data           3  mlan_cfp.o(.data)
    mlan_sta_ops                             0x200013b4   Data          32  mlan_shim.o(.data)
    mlan_uap_ops                             0x200013d4   Data          32  mlan_shim.o(.data)
    mlan_ops                                 0x200013f4   Data          12  mlan_shim.o(.data)
    assert_callback                          0x20001400   Data           4  mlan_shim.o(.data)
    tos_to_tid                               0x20001404   Data           8  mlan_wmm.o(.data)
    tos_to_tid_inv                           0x2000140c   Data           8  mlan_wmm.o(.data)
    hParalletMsgQueue                        0x20001664   Data           4  main.o(.data)
    g_hParalletRxMem                         0x20001668   Data           4  main.o(.data)
    g_sem_flag                               0x2000166c   Data           4  main.o(.data)
    dbg_level                                0x20001670   Data           4  test_wifi.o(.data)
    p_netif                                  0x20001678   Data           4  test_wifi.o(.data)
    rfds                                     0x2000167c   Data           1  test_wifi.o(.data)
    socket_mutex                             0x20001680   Data           4  test_wifi.o(.data)
    RS232_REC_Flag                           0x20001688   Data           1  sci.o(.data)
    RS485_REC_Flag                           0x20001689   Data           1  sci.o(.data)
    RS232_rec_counter                        0x2000168c   Data           4  sci.o(.data)
    RS485_rec_counter                        0x20001690   Data           4  sci.o(.data)
    pblock                                   0x20001694   Data           4  task_parallet.o(.data)
    BOARD_IP                                 0x20001698   Data           4  tcp_client.o(.data)
    BOARD_NETMASK                            0x2000169c   Data           4  tcp_client.o(.data)
    BOARD_WG                                 0x200016a0   Data           4  tcp_client.o(.data)
    client_sock_fd                           0x200016a4   Data           4  tcp_client.o(.data)
    tcp_recv_flag                            0x200016a8   Data           1  tcp_client.o(.data)
    sem_tcp_rec_flag                         0x200016ac   Data           4  tcp_client.o(.data)
    tcp_recv_len                             0x200016b0   Data           4  tcp_client.o(.data)
    sta_wifi_dev                             0x200016b4   Data           4  wifi.o(.data)
    ap_wifi_dev                              0x200016b8   Data           4  wifi.o(.data)
    wifi_dev                                 0x200016bc   Data           4  wifi.o(.data)
    __stdout                                 0x200016c0   Data           4  stdout.o(.data)
    __microlib_freelist                      0x200016c4   Data           4  mvars.o(.data)
    __microlib_freelist_initialised          0x200016c8   Data           4  mvars.o(.data)
    cccr                                     0x200016cc   Data          12  sdcard.o(.bss)
    func                                     0x200016d8   Data          48  sdcard.o(.bss)
    m25_flash                                0x20001708   Data          24  w25p80.o(.bss)
    OSEventTbl                               0x20001720   Data         960  os_core.o(.bss)
    OSFlagTbl                                0x20001ae0   Data          80  os_core.o(.bss)
    OSTaskStatStk                            0x20001b30   Data         256  os_core.o(.bss)
    OSTaskIdleStk                            0x20001c30   Data         128  os_core.o(.bss)
    OSTCBPrioTbl                             0x20001cb0   Data         132  os_core.o(.bss)
    OSTCBTbl                                 0x20001d34   Data        1472  os_core.o(.bss)
    OSMemTbl                                 0x200022f4   Data         120  os_core.o(.bss)
    OSQTbl                                   0x2000236c   Data         384  os_core.o(.bss)
    OSTmrTbl                                 0x200024ec   Data         960  os_core.o(.bss)
    OSTmrTaskStk                             0x200028ac   Data         256  os_core.o(.bss)
    OSTmrWheelTbl                            0x200029ac   Data          64  os_core.o(.bss)
    sockets                                  0x200029ec   Data         192  sockets.o(.bss)
    nulltimeouts                             0x20002aac   Data          12  sys_arch.o(.bss)
    dhcp_rx_options_val                      0x20002ab8   Data          36  dhcp.o(.bss)
    dhcp_rx_options_given                    0x20002adc   Data           9  dhcp.o(.bss)
    lwip_stats                               0x20002ba0   Data         232  stats.o(.bss)
    server_config                            0x20002cf8   Data         100  dhcpd.o(.bss)
    lastest_scan_result                      0x20002d5c   Data          55  usr_cfg.o(.bss)
    g_qMsgIntTb1                             0x20002ee0   Data          32  main.o(.bss)
    MemPart                                  0x20002f00   Data       16384  main.o(.bss)
    mcuID                                    0x20006f00   Data          12  main.o(.bss)
    if_wifi                                  0x20006f0c   Data          56  test_wifi.o(.bss)
    RS232_buff                               0x20006f44   Data         100  sci.o(.bss)
    RS485_buff                               0x20006fa8   Data         100  sci.o(.bss)
    tcp_recv_buff                            0x2000700c   Data        2048  tcp_client.o(.bss)
    __heap_base                              0x20007810   Data           0  startup_stm32f4xx.o(HEAP)
    __heap_limit                             0x20007a10   Data           0  startup_stm32f4xx.o(HEAP)
    Image$$RW_IRAM1$$ZI$$Limit               0x20007e10   Number         0  anon$$obj.o ABSOLUTE
    __initial_sp                             0x20007e10   Data           0  startup_stm32f4xx.o(STACK)



==============================================================================

Memory Map of the image

  Image Entry point : 0x08000189

  Load Region LR_IROM1 (Base: 0x08000000, Size: 0x00090770, Max: 0x00100000, ABSOLUTE, COMPRESSED[0x0008f738])

    Execution Region ER_IROM1 (Base: 0x08000000, Size: 0x0008f0a4, Max: 0x00100000, ABSOLUTE)

    Base Addr    Size         Type   Attr      Idx    E Section Name        Object

    0x08000000   0x00000188   Data   RO          390    RESET               startup_stm32f4xx.o
    0x08000188   0x00000000   Code   RO         4947  * .ARM.Collect$$$$00000000  mc_w.l(entry.o)
    0x08000188   0x00000004   Code   RO         5295    .ARM.Collect$$$$00000001  mc_w.l(entry2.o)
    0x0800018c   0x00000004   Code   RO         5298    .ARM.Collect$$$$00000004  mc_w.l(entry5.o)
    0x08000190   0x00000000   Code   RO         5300    .ARM.Collect$$$$00000008  mc_w.l(entry7b.o)
    0x08000190   0x00000000   Code   RO         5302    .ARM.Collect$$$$0000000A  mc_w.l(entry8b.o)
    0x08000190   0x00000008   Code   RO         5303    .ARM.Collect$$$$0000000B  mc_w.l(entry9a.o)
    0x08000198   0x00000000   Code   RO         5305    .ARM.Collect$$$$0000000D  mc_w.l(entry10a.o)
    0x08000198   0x00000000   Code   RO         5307    .ARM.Collect$$$$0000000F  mc_w.l(entry11a.o)
    0x08000198   0x00000004   Code   RO         5296    .ARM.Collect$$$$00002712  mc_w.l(entry2.o)
    0x0800019c   0x000000e0   Code   RO            3    .text               misc.o
    0x0800027c   0x000003a8   Code   RO           75    .text               stm32f4xx_dma.o
    0x08000624   0x0000025c   Code   RO          124    .text               stm32f4xx_gpio.o
    0x08000880   0x00000588   Code   RO          147    .text               stm32f4xx_rcc.o
    0x08000e08   0x000000a0   Code   RO          169    .text               stm32f4xx_rng.o
    0x08000ea8   0x000001dc   Code   RO          192    .text               stm32f4xx_sdio.o
    0x08001084   0x000003f8   Code   RO          215    .text               stm32f4xx_spi.o
    0x0800147c   0x0000008c   Code   RO          238    .text               stm32f4xx_syscfg.o
    0x08001508   0x0000041a   Code   RO          284    .text               stm32f4xx_usart.o
    0x08001922   0x00000002   PAD
    0x08001924   0x0000011c   Code   RO          307    .text               stm32f4xx_exti.o
    0x08001a40   0x00000040   Code   RO          330    .text               stm32f4xx_iwdg.o
    0x08001a80   0x00000200   Code   RO          364    .text               system_stm32f4xx.o
    0x08001c80   0x00000024   Code   RO          391    .text               startup_stm32f4xx.o
    0x08001ca4   0x000018e4   Code   RO          397    .text               sdcard.o
    0x08003588   0x00000a7c   Code   RO          793    .text               w25p80.o
    0x08004004   0x00000248   Code   RO          858    .text               driver_misc.o
    0x0800424c   0x000006cc   Code   RO          882    .text               parallel.o
    0x08004918   0x00000144   Code   RO          995    .text               exti.o
    0x08004a5c   0x00000cb8   Code   RO         1014    .text               os_core.o
    0x08005714   0x000007fc   Code   RO         1059    .text               os_flag.o
    0x08005f10   0x000001d4   Code   RO         1087    .text               os_mem.o
    0x080060e4   0x000005e8   Code   RO         1111    .text               os_q.o
    0x080066cc   0x000003a8   Code   RO         1123    .text               os_sem.o
    0x08006a74   0x00000848   Code   RO         1135    .text               os_task.o
    0x080072bc   0x00000198   Code   RO         1150    .text               os_time.o
    0x08007454   0x0000071c   Code   RO         1162    .text               os_tmr.o
    0x08007b70   0x000001a8   Code   RO         1210    .text               os_cpu_c.o
    0x08007d18   0x000000a4   Code   RO         1448    .text               os_cpu_a.o
    0x08007dbc   0x000000c6   Code   RO         1451    .text               atomic.o
    0x08007e82   0x00000002   PAD
    0x08007e84   0x0000016c   Code   RO         1509    .text               mutex.o
    0x08007ff0   0x00000524   Code   RO         1533    .text               task.o
    0x08008514   0x000004cc   Code   RO         1548    .text               timer.o
    0x080089e0   0x000002ac   Code   RO         1561    .text               wait.o
    0x08008c8c   0x00001250   Code   RO         1575    .text               memory.o
    0x08009edc   0x00000e30   Code   RO         1703    .text               api_lib.o
    0x0800ad0c   0x00001b04   Code   RO         1813    .text               api_msg.o
    0x0800c810   0x00000420   Code   RO         1915    .text               netbuf.o
    0x0800cc30   0x00001f44   Code   RO         1977    .text               sockets.o
    0x0800eb74   0x000003cc   Code   RO         2037    .text               tcpip.o
    0x0800ef40   0x00000620   Code   RO         2072    .text               sys_arch.o
    0x0800f560   0x00001c24   Code   RO         2149    .text               dhcp.o
    0x08011184   0x000007ec   Code   RO         2192    .text               dns.o
    0x08011970   0x00000028   Code   RO         2209    .text               init.o
    0x08011998   0x0000034c   Code   RO         2280    .text               netif.o
    0x08011ce4   0x000012f0   Code   RO         2305    .text               pbuf.o
    0x08012fd4   0x00000244   Code   RO         2333    .text               raw.o
    0x08013218   0x00000002   Code   RO         2348    .text               stats.o
    0x0801321a   0x00000002   PAD
    0x0801321c   0x0000170c   Code   RO         2378    .text               tcp.o
    0x08014928   0x000020fc   Code   RO         2405    .text               tcp_in.o
    0x08016a24   0x0000167c   Code   RO         2431    .text               tcp_out.o
    0x080180a0   0x0000037c   Code   RO         2445    .text               timers.o
    0x0801841c   0x00000718   Code   RO         2490    .text               udp.o
    0x08018b34   0x000004c8   Code   RO         2526    .text               icmp.o
    0x08018ffc   0x00000820   Code   RO         2538    .text               igmp.o
    0x0801981c   0x000002c4   Code   RO         2562    .text               inet_chksum.o
    0x08019ae0   0x0000063c   Code   RO         2574    .text               ip.o
    0x0801a11c   0x000004cc   Code   RO         2623    .text               ip_addr.o
    0x0801a5e8   0x00000bcc   Code   RO         2646    .text               ip_frag.o
    0x0801b1b4   0x000003b8   Code   RO         2661    .text               ethernetif.o
    0x0801b56c   0x00000fb4   Code   RO         2731    .text               etharp.o
    0x0801c520   0x000006a4   Code   RO         2775    .text               dhcpd.o
    0x0801cbc4   0x00000300   Code   RO         2847    .text               leases.o
    0x0801cec4   0x00000298   Code   RO         2937    .text               options.o
    0x0801d15c   0x00000354   Code   RO         2979    .text               packet.o
    0x0801d4b0   0x00000680   Code   RO         3033    .text               serverpacket.o
    0x0801db30   0x000013a6   Code   RO         3083    .text               skbuff.o
    0x0801eed6   0x00000002   PAD
    0x0801eed8   0x00000ec4   Code   RO         3143    .text               usr_cfg.o
    0x0801fd9c   0x00001018   Code   RO         3185    .text               moal_cfg80211.o
    0x08020db4   0x00002aa8   Code   RO         3242    .text               moal_ioctl.o
    0x0802385c   0x000023dc   Code   RO         3294    .text               moal_main.o
    0x08025c38   0x00000ac8   Code   RO         3371    .text               moal_sdio_mmc.o
    0x08026700   0x00000c40   Code   RO         3609    .text               moal_shim.o
    0x08027340   0x000018bc   Code   RO         3656    .text               moal_sta_cfg80211.o
    0x08028bfc   0x00001d40   Code   RO         3677    .text               moal_uap.o
    0x0802a93c   0x000008ac   Code   RO         3701    .text               moal_uap_cfg80211.o
    0x0802b1e8   0x0000013e   Code   RO         3717    .text               moal_uap_priv.o
    0x0802b326   0x00000002   PAD
    0x0802b328   0x00001f8c   Code   RO         3732    .text               mlan_11h.o
    0x0802d2b4   0x00001854   Code   RO         3770    .text               mlan_11n.o
    0x0802eb08   0x00000784   Code   RO         3802    .text               mlan_11n_aggr.o
    0x0802f28c   0x00000c76   Code   RO         3831    .text               mlan_11n_rxreorder.o
    0x0802ff02   0x00000002   PAD
    0x0802ff04   0x00000c3a   Code   RO         3853    .text               mlan_cfp.o
    0x08030b3e   0x00000002   PAD
    0x08030b40   0x00002514   Code   RO         3880    .text               mlan_cmdevt.o
    0x08033054   0x00000d8a   Code   RO         3907    .text               mlan_init.o
    0x08033dde   0x00000002   PAD
    0x08033de0   0x00001a88   Code   RO         3939    .text               mlan_join.o
    0x08035868   0x0000024c   Code   RO         3962    .text               mlan_meas.o
    0x08035ab4   0x00002256   Code   RO         3979    .text               mlan_misc.o
    0x08037d0a   0x00000002   PAD
    0x08037d0c   0x00003814   Code   RO         4008    .text               mlan_scan.o
    0x0803b520   0x00000e5e   Code   RO         4035    .text               mlan_sdio.o
    0x0803c37e   0x00000002   PAD
    0x0803c380   0x00000cae   Code   RO         4054    .text               mlan_shim.o
    0x0803d02e   0x00000002   PAD
    0x0803d030   0x00001636   Code   RO         4079    .text               mlan_sta_cmd.o
    0x0803e666   0x00000002   PAD
    0x0803e668   0x000012ca   Code   RO         4091    .text               mlan_sta_cmdresp.o
    0x0803f932   0x00000002   PAD
    0x0803f934   0x00000820   Code   RO         4103    .text               mlan_sta_event.o
    0x08040154   0x00003f44   Code   RO         4115    .text               mlan_sta_ioctl.o
    0x08044098   0x000002e8   Code   RO         4138    .text               mlan_sta_rx.o
    0x08044380   0x000002f4   Code   RO         4154    .text               mlan_sta_tx.o
    0x08044674   0x0000051c   Code   RO         4176    .text               mlan_txrx.o
    0x08044b90   0x00002ea0   Code   RO         4198    .text               mlan_uap_cmdevent.o
    0x08047a30   0x00001108   Code   RO         4210    .text               mlan_uap_ioctl.o
    0x08048b38   0x0000068e   Code   RO         4224    .text               mlan_uap_txrx.o
    0x080491c6   0x00000002   PAD
    0x080491c8   0x000023d0   Code   RO         4236    .text               mlan_wmm.o
    0x0804b598   0x00000e78   Code   RO         4265    .text               mlan_11d.o
    0x0804c410   0x00000474   Code   RO         4281    .text               main.o
    0x0804c884   0x00000108   Code   RO         4308    .text               led.o
    0x0804c98c   0x0000105c   Code   RO         4328    .text               test_wifi.o
    0x0804d9e8   0x0000011c   Code   RO         4367    .text               sys_misc.o
    0x0804db04   0x00000190   Code   RO         4389    .text               sci.o
    0x0804dc94   0x00000164   Code   RO         4436    .text               task_parallet.o
    0x0804ddf8   0x00000368   Code   RO         4463    .text               tcp_client.o
    0x0804e160   0x000008c4   Code   RO         4490    .text               ZQWL_ETH_APP.lib(wifi.o)
    0x0804ea24   0x00000528   Code   RO         4906    .text               ZQWL_ETH_APP.lib(wifi_config.o)
    0x0804ef4c   0x000003b4   Code   RO         4931    .text               ZQWL_ETH_APP.lib(zqwl_eth_driver.o)
    0x0804f300   0x00000008   Code   RO         4950    .text               mc_w.l(ctype_o.o)
    0x0804f308   0x0000000c   Code   RO         4978    .text               mc_w.l(tolower.o)
    0x0804f314   0x00000042   Code   RO         4984    .text               mc_w.l(memmove.o)
    0x0804f356   0x00000024   Code   RO         4990    .text               mc_w.l(memseta.o)
    0x0804f37a   0x00000018   Code   RO         4992    .text               mc_w.l(strcat.o)
    0x0804f392   0x00000018   Code   RO         4994    .text               mc_w.l(strncpy.o)
    0x0804f3aa   0x0000000e   Code   RO         4996    .text               mc_w.l(strlen.o)
    0x0804f3b8   0x0000001c   Code   RO         4998    .text               mc_w.l(strcmp.o)
    0x0804f3d4   0x0000001a   Code   RO         5000    .text               mc_w.l(memcmp.o)
    0x0804f3ee   0x00000012   Code   RO         5002    .text               mc_w.l(strcpy.o)
    0x0804f400   0x0000001e   Code   RO         5004    .text               mc_w.l(strncmp.o)
    0x0804f41e   0x0000002c   Code   RO         5310    .text               mc_w.l(uidiv.o)
    0x0804f44a   0x00000062   Code   RO         5312    .text               mc_w.l(uldiv.o)
    0x0804f4ac   0x00000000   Code   RO         5325    .text               mc_w.l(iusefp.o)
    0x0804f4ac   0x0000014e   Code   RO         5326    .text               mf_w.l(dadd.o)
    0x0804f5fa   0x000000e4   Code   RO         5328    .text               mf_w.l(dmul.o)
    0x0804f6de   0x000000de   Code   RO         5330    .text               mf_w.l(ddiv.o)
    0x0804f7bc   0x00000030   Code   RO         5332    .text               mf_w.l(dfixul.o)
    0x0804f7ec   0x00000030   Code   RO         5334    .text               mf_w.l(cdrcmple.o)
    0x0804f81c   0x00000024   Code   RO         5336    .text               mc_w.l(init.o)
    0x0804f840   0x0000001e   Code   RO         5338    .text               mc_w.l(llshl.o)
    0x0804f85e   0x00000020   Code   RO         5340    .text               mc_w.l(llushr.o)
    0x0804f87e   0x00000024   Code   RO         5342    .text               mc_w.l(llsshr.o)
    0x0804f8a2   0x000000ba   Code   RO         5346    .text               mf_w.l(depilogue.o)
    0x0804f95c   0x0000005e   Code   RO         5358    .text               mc_w.l(__dclz77c.o)
    0x0804f9ba   0x00000002   PAD
    0x0804f9bc   0x00000020   Code   RO         5221    i.__0printf$8       mc_w.l(printf8.o)
    0x0804f9dc   0x00000030   Code   RO         5248    i.__0snprintf       mc_w.l(printfa.o)
    0x0804fa0c   0x00000030   Code   RO         5222    i.__0snprintf$8     mc_w.l(printf8.o)
    0x0804fa3c   0x00000028   Code   RO         5223    i.__0sprintf$8      mc_w.l(printf8.o)
    0x0804fa64   0x0000005c   Code   RO         5275    i.__free$realloc    mc_w.l(mallocr.o)
    0x0804fac0   0x00000050   Code   RO         5276    i.__malloc$realloc  mc_w.l(mallocr.o)
    0x0804fb10   0x0000000e   Code   RO         5352    i.__scatterload_copy  mc_w.l(handlers.o)
    0x0804fb1e   0x00000002   Code   RO         5353    i.__scatterload_null  mc_w.l(handlers.o)
    0x0804fb20   0x0000000e   Code   RO         5354    i.__scatterload_zeroinit  mc_w.l(handlers.o)
    0x0804fb2e   0x00000002   PAD
    0x0804fb30   0x00000184   Code   RO         5254    i._fp_digits        mc_w.l(printfa.o)
    0x0804fcb4   0x00000410   Code   RO         5228    i._printf_core      mc_w.l(printf8.o)
    0x080500c4   0x000006dc   Code   RO         5255    i._printf_core      mc_w.l(printfa.o)
    0x080507a0   0x00000024   Code   RO         5229    i._printf_post_padding  mc_w.l(printf8.o)
    0x080507c4   0x00000024   Code   RO         5256    i._printf_post_padding  mc_w.l(printfa.o)
    0x080507e8   0x0000002e   Code   RO         5230    i._printf_pre_padding  mc_w.l(printf8.o)
    0x08050816   0x0000002e   Code   RO         5257    i._printf_pre_padding  mc_w.l(printfa.o)
    0x08050844   0x00000016   Code   RO         5231    i._snputc           mc_w.l(printf8.o)
    0x0805085a   0x00000016   Code   RO         5258    i._snputc           mc_w.l(printfa.o)
    0x08050870   0x0000000a   Code   RO         5232    i._sputc            mc_w.l(printf8.o)
    0x0805087a   0x00000002   PAD
    0x0805087c   0x0000001c   Code   RO         1228    i.exit_interrupt    os_cpu_c.o
    0x08050898   0x00000050   Code   RO         5277    i.internal_alloc    mc_w.l(mallocr.o)
    0x080508e8   0x0000000c   Code   RO          422    i.local_irq_restore  sdcard.o
    0x080508f4   0x0000000e   Code   RO          417    i.local_irq_save    sdcard.o
    0x08050902   0x00000002   PAD
    0x08050904   0x0000006c   Code   RO         5278    i.realloc           mc_w.l(mallocr.o)
    0x08050970   0x00000016   Data   RO          399    .constdata          sdcard.o
    0x08050986   0x00000040   Data   RO          795    .constdata          w25p80.o
    0x080509c6   0x0000001d   Data   RO          996    .constdata          exti.o
    0x080509e3   0x00000100   Data   RO         1016    .constdata          os_core.o
    0x08050ae3   0x0000001f   Data   RO         1534    .constdata          task.o
    0x08050b02   0x0000000c   Data   RO         1549    .constdata          timer.o
    0x08050b0e   0x0000004a   Data   RO         1576    .constdata          memory.o
    0x08050b58   0x0000000d   Data   RO         1704    .constdata          api_lib.o
    0x08050b65   0x00000020   Data   RO         1814    .constdata          api_msg.o
    0x08050b85   0x0000000b   Data   RO         1916    .constdata          netbuf.o
    0x08050b90   0x00000040   Data   RO         1979    .constdata          sockets.o
    0x08050bd0   0x0000005a   Data   RO         2038    .constdata          tcpip.o
    0x08050c2a   0x00000002   PAD
    0x08050c2c   0x00000011   Data   RO         2074    .constdata          sys_arch.o
    0x08050c3d   0x00000003   PAD
    0x08050c40   0x00000004   Data   RO         2137    .constdata          def.o
    0x08050c44   0x0000000b   Data   RO         2151    .constdata          dhcp.o
    0x08050c4f   0x00000009   Data   RO         2194    .constdata          dns.o
    0x08050c58   0x00000020   Data   RO         2253    .constdata          memp.o
    0x08050c78   0x0000000b   Data   RO         2306    .constdata          pbuf.o
    0x08050c83   0x00000008   Data   RO         2334    .constdata          raw.o
    0x08050c8b   0x00000001   PAD
    0x08050c8c   0x0000007f   Data   RO         2379    .constdata          tcp.o
    0x08050d0b   0x00000013   Data   RO         2432    .constdata          tcp_out.o
    0x08050d1e   0x0000000c   Data   RO         2446    .constdata          timers.o
    0x08050d2a   0x00000008   Data   RO         2491    .constdata          udp.o
    0x08050d32   0x00000012   Data   RO         2539    .constdata          igmp.o
    0x08050d44   0x00000008   Data   RO         2625    .constdata          ip_addr.o
    0x08050d4c   0x0000003c   Data   RO         2647    .constdata          ip_frag.o
    0x08050d88   0x0000001e   Data   RO         2662    .constdata          ethernetif.o
    0x08050da6   0x0000000c   Data   RO         2733    .constdata          etharp.o
    0x08050db2   0x00000034   Data   RO         2777    .constdata          dhcpd.o
    0x08050de6   0x00000019   Data   RO         2848    .constdata          leases.o
    0x08050dff   0x00000001   PAD
    0x08050e00   0x0000017a   Data   RO         2938    .constdata          options.o
    0x08050f7a   0x0000000b   Data   RO         2980    .constdata          packet.o
    0x08050f85   0x00000026   Data   RO         3034    .constdata          serverpacket.o
    0x08050fab   0x0000007f   Data   RO         3084    .constdata          skbuff.o
    0x0805102a   0x000000b8   Data   RO         3145    .constdata          usr_cfg.o
    0x080510e2   0x00000002   PAD
    0x080510e4   0x0000076e   Data   RO         3186    .constdata          moal_cfg80211.o
    0x08051852   0x0000005e   Data   RO         3243    .constdata          moal_ioctl.o
    0x080518b0   0x0003d07b   Data   RO         3296    .constdata          moal_main.o
    0x0808e92b   0x00000028   Data   RO         3372    .constdata          moal_sdio_mmc.o
    0x0808e953   0x0000003a   Data   RO         3611    .constdata          moal_shim.o
    0x0808e98d   0x0000002f   Data   RO         3657    .constdata          moal_sta_cfg80211.o
    0x0808e9bc   0x00000014   Data   RO         3678    .constdata          moal_uap.o
    0x0808e9d0   0x00000043   Data   RO         3702    .constdata          moal_uap_cfg80211.o
    0x0808ea13   0x00000010   Data   RO         3733    .constdata          mlan_11h.o
    0x0808ea23   0x00000001   PAD
    0x0808ea24   0x00000008   Data   RO         3803    .constdata          mlan_11n_aggr.o
    0x0808ea2c   0x00000080   Data   RO         3855    .constdata          mlan_cfp.o
    0x0808eaac   0x0000002c   Data   RO         3881    .constdata          mlan_cmdevt.o
    0x0808ead8   0x00000021   Data   RO         3908    .constdata          mlan_init.o
    0x0808eaf9   0x00000051   Data   RO         3940    .constdata          mlan_join.o
    0x0808eb4a   0x00000016   Data   RO         4036    .constdata          mlan_sdio.o
    0x0808eb60   0x0000003f   Data   RO         4116    .constdata          mlan_sta_ioctl.o
    0x0808eb9f   0x00000015   Data   RO         4211    .constdata          mlan_uap_ioctl.o
    0x0808ebb4   0x0000001d   Data   RO         4237    .constdata          mlan_wmm.o
    0x0808ebd1   0x00000092   Data   RO         4330    .constdata          test_wifi.o
    0x0808ec63   0x00000012   Data   RO         4368    .constdata          sys_misc.o
    0x0808ec75   0x0000000e   Data   RO         4437    .constdata          task_parallet.o
    0x0808ec83   0x00000047   Data   RO         4491    .constdata          ZQWL_ETH_APP.lib(wifi.o)
    0x0808ecca   0x00000026   Data   RO         4907    .constdata          ZQWL_ETH_APP.lib(wifi_config.o)
    0x0808ecf0   0x00000010   Data   RO         4932    .constdata          ZQWL_ETH_APP.lib(zqwl_eth_driver.o)
    0x0808ed00   0x00000081   Data   RO         4951    .constdata          mc_w.l(ctype_o.o)
    0x0808ed81   0x00000003   PAD
    0x0808ed84   0x00000004   Data   RO         4952    .constdata          mc_w.l(ctype_o.o)
    0x0808ed88   0x0000008c   Data   RO         2152    .conststring        dhcp.o
    0x0808ee14   0x00000044   Data   RO         2195    .conststring        dns.o
    0x0808ee58   0x000000b9   Data   RO         2380    .conststring        tcp.o
    0x0808ef11   0x00000003   PAD
    0x0808ef14   0x00000055   Data   RO         2433    .conststring        tcp_out.o
    0x0808ef69   0x00000003   PAD
    0x0808ef6c   0x00000044   Data   RO         2734    .conststring        etharp.o
    0x0808efb0   0x000000a5   Data   RO         3085    .conststring        skbuff.o
    0x0808f055   0x00000003   PAD
    0x0808f058   0x0000002c   Data   RO         4465    .conststring        tcp_client.o
    0x0808f084   0x00000020   Data   RO         5350    Region$$Table       anon$$obj.o


    Execution Region RW_IRAM1 (Base: 0x20000000, Size: 0x00007e10, Max: 0x00020000, ABSOLUTE, COMPRESSED[0x00000694])

    Base Addr    Size         Type   Attr      Idx    E Section Name        Object

    0x20000000   0x00000010   Data   RW          148    .data               stm32f4xx_rcc.o
    0x20000010   0x00000014   Data   RW          365    .data               system_stm32f4xx.o
    0x20000024   0x0000000c   Data   RW          400    .data               sdcard.o
    0x20000030   0x00000002   Data   RW          883    .data               parallel.o
    0x20000032   0x00000002   PAD
    0x20000034   0x00000060   Data   RW         1017    .data               os_core.o
    0x20000094   0x00000010   Data   RW         1211    .data               os_cpu_c.o
    0x200000a4   0x00000004   Data   RW         1535    .data               task.o
    0x200000a8   0x00000028   Data   RW         1577    .data               memory.o
    0x200000d0   0x0000000c   Data   RW         1980    .data               sockets.o
    0x200000dc   0x00000010   Data   RW         2039    .data               tcpip.o
    0x200000ec   0x00000004   Data   RW         2075    .data               sys_arch.o
    0x200000f0   0x00000004   Data   RW         2153    .data               dhcp.o
    0x200000f4   0x00000010   Data   RW         2196    .data               dns.o
    0x20000104   0x00000009   Data   RW         2281    .data               netif.o
    0x2000010d   0x00000001   Data   RW         2307    .data               pbuf.o
    0x2000010e   0x00000002   PAD
    0x20000110   0x00000004   Data   RW         2335    .data               raw.o
    0x20000114   0x00000024   Data   RW         2381    .data               tcp.o
    0x20000138   0x00000020   Data   RW         2407    .data               tcp_in.o
    0x20000158   0x00000008   Data   RW         2447    .data               timers.o
    0x20000160   0x00000008   Data   RW         2492    .data               udp.o
    0x20000168   0x0000000c   Data   RW         2540    .data               igmp.o
    0x20000174   0x00000012   Data   RW         2575    .data               ip.o
    0x20000186   0x00000002   PAD
    0x20000188   0x00000006   Data   RW         2648    .data               ip_frag.o
    0x2000018e   0x00000002   PAD
    0x20000190   0x00000008   Data   RW         2663    .data               ethernetif.o
    0x20000198   0x00000001   Data   RW         2735    .data               etharp.o
    0x20000199   0x00000003   PAD
    0x2000019c   0x00000008   Data   RW         2778    .data               dhcpd.o
    0x200001a4   0x00000004   Data   RW         3086    .data               skbuff.o
    0x200001a8   0x00000004   Data   RW         3146    .data               usr_cfg.o
    0x200001ac   0x0000005c   Data   RW         3187    .data               moal_cfg80211.o
    0x20000208   0x00000024   Data   RW         3244    .data               moal_ioctl.o
    0x2000022c   0x0000005c   Data   RW         3297    .data               moal_main.o
    0x20000288   0x00000088   Data   RW         3612    .data               moal_shim.o
    0x20000310   0x00000060   Data   RW         3658    .data               moal_sta_cfg80211.o
    0x20000370   0x00000004   Data   RW         3679    .data               moal_uap.o
    0x20000374   0x00000060   Data   RW         3703    .data               moal_uap_cfg80211.o
    0x200003d4   0x00000001   Data   RW         3771    .data               mlan_11n.o
    0x200003d5   0x00000003   PAD
    0x200003d8   0x00000fc2   Data   RW         3856    .data               mlan_cfp.o
    0x2000139a   0x00000002   PAD
    0x2000139c   0x00000004   Data   RW         3882    .data               mlan_cmdevt.o
    0x200013a0   0x00000001   Data   RW         3963    .data               mlan_meas.o
    0x200013a1   0x00000010   Data   RW         4009    .data               mlan_scan.o
    0x200013b1   0x00000003   PAD
    0x200013b4   0x00000050   Data   RW         4055    .data               mlan_shim.o
    0x20001404   0x00000014   Data   RW         4238    .data               mlan_wmm.o
    0x20001418   0x0000024c   Data   RW         4266    .data               mlan_11d.o
    0x20001664   0x0000000c   Data   RW         4283    .data               main.o
    0x20001670   0x00000014   Data   RW         4331    .data               test_wifi.o
    0x20001684   0x00000004   Data   RW         4369    .data               sys_misc.o
    0x20001688   0x0000000c   Data   RW         4391    .data               sci.o
    0x20001694   0x00000004   Data   RW         4438    .data               task_parallet.o
    0x20001698   0x0000001c   Data   RW         4466    .data               tcp_client.o
    0x200016b4   0x0000000c   Data   RW         4492    .data               ZQWL_ETH_APP.lib(wifi.o)
    0x200016c0   0x00000004   Data   RW         5309    .data               mc_w.l(stdout.o)
    0x200016c4   0x00000004   Data   RW         5314    .data               mc_w.l(mvars.o)
    0x200016c8   0x00000004   Data   RW         5315    .data               mc_w.l(mvars.o)
    0x200016cc   0x0000003c   Zero   RW          398    .bss                sdcard.o
    0x20001708   0x00000018   Zero   RW          794    .bss                w25p80.o
    0x20001720   0x000012cc   Zero   RW         1015    .bss                os_core.o
    0x200029ec   0x000000c0   Zero   RW         1978    .bss                sockets.o
    0x20002aac   0x0000000c   Zero   RW         2073    .bss                sys_arch.o
    0x20002ab8   0x0000002d   Zero   RW         2150    .bss                dhcp.o
    0x20002ae5   0x00000003   PAD
    0x20002ae8   0x000000b8   Zero   RW         2193    .bss                dns.o
    0x20002ba0   0x000000e8   Zero   RW         2349    .bss                stats.o
    0x20002c88   0x00000010   Zero   RW         2406    .bss                tcp_in.o
    0x20002c98   0x00000010   Zero   RW         2624    .bss                ip_addr.o
    0x20002ca8   0x00000050   Zero   RW         2732    .bss                etharp.o
    0x20002cf8   0x00000064   Zero   RW         2776    .bss                dhcpd.o
    0x20002d5c   0x00000037   Zero   RW         3144    .bss                usr_cfg.o
    0x20002d93   0x00000001   PAD
    0x20002d94   0x00000140   Zero   RW         3610    .bss                moal_shim.o
    0x20002ed4   0x0000000c   Zero   RW         3854    .bss                mlan_cfp.o
    0x20002ee0   0x0000402c   Zero   RW         4282    .bss                main.o
    0x20006f0c   0x00000038   Zero   RW         4329    .bss                test_wifi.o
    0x20006f44   0x000000c8   Zero   RW         4390    .bss                sci.o
    0x2000700c   0x00000800   Zero   RW         4464    .bss                tcp_client.o
    0x2000780c   0x00000004   PAD
    0x20007810   0x00000200   Zero   RW          389    HEAP                startup_stm32f4xx.o
    0x20007a10   0x00000400   Zero   RW          388    STACK               startup_stm32f4xx.o


==============================================================================

Image component sizes


      Code (inc. data)   RO Data    RW Data    ZI Data      Debug   Object Name

      3632        948         13          0          0      33899   api_lib.o
      6916       1258         32          0          0      33310   api_msg.o
       198          0          0          0          0       3440   atomic.o
         0          0          4          0          0        243   def.o
      7204       1110        151          4         45      20744   dhcp.o
      1700        156         52          8        100      20220   dhcpd.o
      2028        292         77         16        184       6785   dns.o
       584        114          0          0          0       1285   driver_misc.o
      4020        626         80          1         80      75442   etharp.o
       952        220         30          8          0     134479   ethernetif.o
       324         52         29          0          0        891   exti.o
      1224        372          0          0          0       2702   icmp.o
      2080        424         18         12          0       6986   igmp.o
       708         96          0          0          0       3121   inet_chksum.o
        40          0          0          0          0      10165   init.o
      1596        178          0         18          0      13514   ip.o
      1228        110          8          0         16      10412   ip_addr.o
      3020        556         60          6          0       7100   ip_frag.o
       768         58         25          0          0      13071   leases.o
       264         22          0          0          0       1021   led.o
      1140        566          0         12      16428       2404   main.o
      4688        980         74         40          0       8646   memory.o
         0          0         32          0          0       1793   memp.o
       224         20          0          0          0     215461   misc.o
      3704         32          0        588          0      14775   mlan_11d.o
      8076        128         16          0          0     112969   mlan_11h.o
      6228         44          0          1          0      45436   mlan_11n.o
      1924         24          8          0          0      27877   mlan_11n_aggr.o
      3190          4          0          0          0      30576   mlan_11n_rxreorder.o
      3130         98        128       4034         12      91092   mlan_cfp.o
      9492        100         44          4          0      50541   mlan_cmdevt.o
      3466         16         33          0          0      30414   mlan_init.o
      6792        192         81          0          0      31081   mlan_join.o
       588          8          0          1          0      22021   mlan_meas.o
      8790         74          0          0          0      43565   mlan_misc.o
     14356         72          0         16          0      52522   mlan_scan.o
      3678         80         22          0          0      10894   mlan_sdio.o
      3246         32          0         80          0      29236   mlan_shim.o
      5686         34          0          0          0      14661   mlan_sta_cmd.o
      4810         42          0          0          0      13151   mlan_sta_cmdresp.o
      2080         50          0          0          0       3259   mlan_sta_event.o
     16196        522         63          0          0      58253   mlan_sta_ioctl.o
       744         30          0          0          0      21171   mlan_sta_rx.o
       756          6          0          0          0      24679   mlan_sta_tx.o
      1308         28          0          0          0      27479   mlan_txrx.o
     11936        116          0          0          0      21968   mlan_uap_cmdevent.o
      4360        130         21          0          0      12941   mlan_uap_ioctl.o
      1678          4          0          0          0       4051   mlan_uap_txrx.o
      9168        140         29         20          0      56409   mlan_wmm.o
      4120         96       1902         92          0      89802   moal_cfg80211.o
         0          0          0          0          0       8817   moal_debug.o
     10920        294         94         36          0     125617   moal_ioctl.o
      9180        460     249979         92          0     116385   moal_main.o
      2760        268         40          0          0     183959   moal_sdio_mmc.o
      3136        180         58        136        320      48149   moal_shim.o
      6332         84         47         96          0      16986   moal_sta_cfg80211.o
      7488        268         20          4          0      27654   moal_uap.o
      2220         84         67         96          0       6491   moal_uap_cfg80211.o
       318          0          0          0          0       1249   moal_uap_priv.o
       364         84          0          0          0       1323   mutex.o
      1056        346         11          0          0       7993   netbuf.o
         0          0          0          0          0       3424   netdb.o
       844        122          0          9          0       6581   netif.o
       664         12        378          0          0      11785   options.o
      3256        272        256         96       4812      27523   os_core.o
       164         32          0          0          0        400   os_cpu_a.o
       452         34          0         16          0      17503   os_cpu_c.o
      2044         40          0          0          0      17471   os_flag.o
       468         18          0          0          0       3312   os_mem.o
      1512         36          0          0          0       5817   os_q.o
       936         20          0          0          0       4134   os_sem.o
      2120         74          0          0          0       8125   os_task.o
       408         26          0          0          0       1858   os_time.o
      1820        180          0          0          0       8705   os_tmr.o
       852         64         11          0          0      26504   packet.o
      1740        254          0          2          0       5111   parallel.o
      4848       1266         11          1          0      11015   pbuf.o
       580        134          8          4          0       3457   raw.o
       400         20          0         12        200       2228   sci.o
      6398        950         22         12         60     261088   sdcard.o
      1664         90         38          0          0      15106   serverpacket.o
      5030        360        292          4          0     103106   skbuff.o
      8004        780         64         12        192      32500   sockets.o
        36          8        392          0       1536        816   startup_stm32f4xx.o
         2          0          0          0        232       3670   stats.o
       936         32          0          0          0      33989   stm32f4xx_dma.o
       284         10          0          0          0       4663   stm32f4xx_exti.o
       604         36          0          0          0       9653   stm32f4xx_gpio.o
        64          6          0          0          0     208705   stm32f4xx_iwdg.o
      1416         48          0         16          0      10963   stm32f4xx_rcc.o
       160          4          0          0          0       1700   stm32f4xx_rng.o
       476         16          0          0          0      16440   stm32f4xx_sdio.o
      1016         22          0          0          0      14909   stm32f4xx_spi.o
       140         12          0          0          0       1519   stm32f4xx_syscfg.o
      1050         26          0          0          0      13712   stm32f4xx_usart.o
      1568        238         17          4         12       9579   sys_arch.o
       284         68         18          4          0       2304   sys_misc.o
       512         44          0         20          0       1791   system_stm32f4xx.o
      1316        226         31          4          0       5703   task.o
       356         96         14          4          0       1649   task_parallet.o
      5900       1244        312         36          0      22716   tcp.o
       872        170         44         28       2048       2907   tcp_client.o
      8444       1144          0         32         16      16287   tcp_in.o
      5756        898        104          0          0      10075   tcp_out.o
       972        216         90         16          0      13266   tcpip.o
      4188        572        146         20         56      33040   test_wifi.o
      1228        226         12          0          0       3463   timer.o
       892        194         12          8          0       4055   timers.o
      1816        212          8          8          0      14949   udp.o
      3780        574        184          4         55     103129   usr_cfg.o
      2684        386         64          0         24       9325   w25p80.o
       684        162          0          0          0       1806   wait.o

    ----------------------------------------------------------------------
    319484      24002     255927       5812      26436    3266116   Object Totals
         0          0         32          0          0          0   (incl. Generated)
        30          0         19         19          8          0   (incl. Padding)

    ----------------------------------------------------------------------

      Code (inc. data)   RO Data    RW Data    ZI Data      Debug   Library Member Name

      2244        184         71         12          0     406680   wifi.o
      1320        160         38          0          0       5172   wifi_config.o
       948         30         16          0          0       8094   zqwl_eth_driver.o
        94          0          0          0          0          0   __dclz77c.o
         8          4        133          0          0         68   ctype_o.o
         0          0          0          0          0          0   entry.o
         0          0          0          0          0          0   entry10a.o
         0          0          0          0          0          0   entry11a.o
         8          4          0          0          0          0   entry2.o
         4          0          0          0          0          0   entry5.o
         0          0          0          0          0          0   entry7b.o
         0          0          0          0          0          0   entry8b.o
         8          4          0          0          0          0   entry9a.o
        30          0          0          0          0          0   handlers.o
        36          8          0          0          0         68   init.o
         0          0          0          0          0          0   iusefp.o
        30          0          0          0          0         68   llshl.o
        36          0          0          0          0         68   llsshr.o
        32          0          0          0          0         68   llushr.o
       360         30          0          0          0        356   mallocr.o
        26          0          0          0          0         80   memcmp.o
        66          0          0          0          0         76   memmove.o
        36          0          0          0          0        108   memseta.o
         0          0          0          8          0          0   mvars.o
      1274         64          0          0          0        656   printf8.o
      2296         84          0          0          0        520   printfa.o
         0          0          0          4          0          0   stdout.o
        24          0          0          0          0         68   strcat.o
        28          0          0          0          0         76   strcmp.o
        18          0          0          0          0         68   strcpy.o
        14          0          0          0          0         68   strlen.o
        30          0          0          0          0         80   strncmp.o
        24          0          0          0          0         76   strncpy.o
        12          0          0          0          0         68   tolower.o
        44          0          0          0          0         80   uidiv.o
        98          0          0          0          0         92   uldiv.o
        48          0          0          0          0         68   cdrcmple.o
       334          0          0          0          0        148   dadd.o
       222          0          0          0          0        100   ddiv.o
       186          0          0          0          0        176   depilogue.o
        48          0          0          0          0         68   dfixul.o
       228          0          0          0          0         96   dmul.o

    ----------------------------------------------------------------------
     10220        572        261         24          0     423414   Library Totals
         6          0          3          0          0          0   (incl. Padding)

    ----------------------------------------------------------------------

      Code (inc. data)   RO Data    RW Data    ZI Data      Debug   Library Name

      4512        374        125         12          0     419946   ZQWL_ETH_APP.lib
      4636        198        133         12          0       2812   mc_w.l
      1066          0          0          0          0        656   mf_w.l

    ----------------------------------------------------------------------
     10220        572        261         24          0     423414   Library Totals

    ----------------------------------------------------------------------

==============================================================================


      Code (inc. data)   RO Data    RW Data    ZI Data      Debug   

    329704      24574     256188       5836      26436    3677698   Grand Totals
    329704      24574     256188       1684      26436    3677698   ELF Image Totals (compressed)
    329704      24574     256188       1684          0          0   ROM Totals

==============================================================================

    Total RO  Size (Code + RO Data)               585892 ( 572.16kB)
    Total RW  Size (RW Data + ZI Data)             32272 (  31.52kB)
    Total ROM Size (Code + RO Data + RW Data)     587576 ( 573.80kB)

==============================================================================

