Component: ARM Compiler 5.06 update 4 (build 422) Tool: armlink [4d35d2]

==============================================================================

Section Cross References

    stm32f4xx_gpio.o(.text) refers to stm32f4xx_rcc.o(.text) for RCC_AHB1PeriphResetCmd
    stm32f4xx_rcc.o(.text) refers to stm32f4xx_rcc.o(.data) for APBAHBPrescTable
    stm32f4xx_rng.o(.text) refers to stm32f4xx_rcc.o(.text) for RCC_AHB2PeriphResetCmd
    stm32f4xx_sdio.o(.text) refers to stm32f4xx_rcc.o(.text) for RCC_APB2PeriphResetCmd
    stm32f4xx_spi.o(.text) refers to stm32f4xx_rcc.o(.text) for RCC_APB2PeriphResetCmd
    stm32f4xx_syscfg.o(.text) refers to stm32f4xx_rcc.o(.text) for RCC_APB2PeriphResetCmd
    stm32f4xx_tim.o(.text) refers to stm32f4xx_rcc.o(.text) for RCC_APB2PeriphResetCmd
    stm32f4xx_usart.o(.text) refers to stm32f4xx_rcc.o(.text) for RCC_APB2PeriphResetCmd
    system_stm32f4xx.o(.text) refers to system_stm32f4xx.o(.data) for SystemCoreClock
    startup_stm32f4xx.o(RESET) refers to startup_stm32f4xx.o(STACK) for __initial_sp
    startup_stm32f4xx.o(RESET) refers to startup_stm32f4xx.o(.text) for Reset_Handler
    startup_stm32f4xx.o(RESET) refers to sys_misc.o(.text) for HardFault_Handler
    startup_stm32f4xx.o(RESET) refers to os_cpu_a.o(.text) for PendSV_Handler
    startup_stm32f4xx.o(RESET) refers to os_cpu_c.o(.text) for SysTick_Handler
    startup_stm32f4xx.o(RESET) refers to exti.o(.text) for EXTI9_5_IRQHandler
    startup_stm32f4xx.o(RESET) refers to w25p80.o(.text) for SPI2_IRQHandler
    startup_stm32f4xx.o(RESET) refers to sci.o(.text) for USART1_IRQHandler
    startup_stm32f4xx.o(RESET) refers to sdcard.o(.text) for SDIO_IRQHandler
    startup_stm32f4xx.o(.text) refers to system_stm32f4xx.o(.text) for SystemInit
    startup_stm32f4xx.o(.text) refers to entry.o(.ARM.Collect$$$$00000000) for __main
    sdcard.o(.text) refers to stm32f4xx_sdio.o(.text) for SDIO_ITConfig
    sdcard.o(.text) refers to timer.o(.text) for os_time_get
    sdcard.o(.text) refers to printf8.o(i.__0printf$8) for __2printf
    sdcard.o(.text) refers to mutex.o(.text) for mutex_lock
    sdcard.o(.text) refers to sdcard.o(.data) for sd_mutex
    sdcard.o(.text) refers to test_wifi.o(.data) for dbg_level
    sdcard.o(.text) refers to memory.o(.text) for mem_malloc_ex
    sdcard.o(.text) refers to sdcard.o(.constdata) for __FUNCTION__
    sdcard.o(.text) refers to sdcard.o(.bss) for cccr
    sdcard.o(.text) refers to stm32f4xx_gpio.o(.text) for GPIO_PinAFConfig
    sdcard.o(.text) refers to task.o(.text) for init_timer_tasklet
    sdcard.o(.text) refers to wait.o(.text) for init_event
    sdcard.o(.text) refers to stm32f4xx_rcc.o(.text) for RCC_APB2PeriphClockCmd
    sdcard.o(.text) refers to stm32f4xx_dma.o(.text) for DMA_ITConfig
    sdcard.o(.text) refers to misc.o(.text) for NVIC_Init
    sdcard.o(.text) refers to moal_sdio_mmc.o(.text) for sdio_reset
    sdcard.o(.text) refers to sdcard.o(i.local_irq_save) for local_irq_save
    sdcard.o(.text) refers to sdcard.o(i.local_irq_restore) for local_irq_restore
    sdcard.o(.text) refers to os_core.o(.text) for OSIntExit
    sdcard.o(.text) refers to os_core.o(.data) for OSIntNesting
    w25p80.o(.text) refers to stm32f4xx_spi.o(.text) for SPI_I2S_GetFlagStatus
    w25p80.o(.text) refers to sys_misc.o(.text) for delay_us
    w25p80.o(.text) refers to timer.o(.text) for os_time_get
    w25p80.o(.text) refers to printf8.o(i.__0printf$8) for __2printf
    w25p80.o(.text) refers to os_cpu_c.o(.data) for jiffies
    w25p80.o(.text) refers to test_wifi.o(.data) for dbg_level
    w25p80.o(.text) refers to w25p80.o(.constdata) for __FUNCTION__
    w25p80.o(.text) refers to w25p80.o(.bss) for m25_flash
    w25p80.o(.text) refers to memory.o(.text) for mem_malloc_ex
    w25p80.o(.text) refers to memcmp.o(.text) for memcmp
    w25p80.o(.text) refers to moal_main.o(.constdata) for fm_88w8287
    driver_misc.o(.text) refers to memory.o(.text) for sys_meminit
    driver_misc.o(.text) refers to stm32f4xx_rng.o(.text) for RNG_GetRandomNumber
    driver_misc.o(.text) refers to timer.o(.text) for os_time_get
    driver_misc.o(.text) refers to printf8.o(i.__0printf$8) for __2printf
    parallel.o(.text) refers to stm32f4xx_gpio.o(.text) for GPIO_ResetBits
    parallel.o(.text) refers to printf8.o(i.__0printf$8) for __2printf
    parallel.o(.text) refers to parallel.o(.data) for g_parallet
    parallel.o(.text) refers to sys_misc.o(.text) for delay_us
    exti.o(.text) refers to stm32f4xx_exti.o(.text) for EXTI_GetITStatus
    exti.o(.text) refers to printf8.o(i.__0printf$8) for __2printf
    exti.o(.text) refers to parallel.o(.text) for parallel_read
    exti.o(.text) refers to timer.o(.text) for os_time_get
    exti.o(.text) refers to stm32f4xx_gpio.o(.text) for GPIO_Init
    exti.o(.text) refers to misc.o(.text) for NVIC_PriorityGroupConfig
[...]
    wlan_adhoc_start                         0x080356af   Thumb Code   214  mlan_join.o(.text)
    wlan_adhoc_join                          0x08035785   Thumb Code   124  mlan_join.o(.text)
    wlan_disconnect                          0x08035801   Thumb Code   180  mlan_join.o(.text)
    wlan_meas_util_send_req                  0x08035a1f   Thumb Code   100  mlan_meas.o(.text)
    wlan_meas_cmd_process                    0x08035a83   Thumb Code    80  mlan_meas.o(.text)
    wlan_meas_cmdresp_process                0x08035ad3   Thumb Code    58  mlan_meas.o(.text)
    wlan_misc_ioctl_host_cmd                 0x08035f85   Thumb Code    64  mlan_misc.o(.text)
    wlan_misc_ioctl_init_shutdown            0x08035fc5   Thumb Code   106  mlan_misc.o(.text)
    wlan_get_info_debug_info                 0x0803602f   Thumb Code  1698  mlan_misc.o(.text)
    wlan_pm_wakeup_card                      0x080366d1   Thumb Code    34  mlan_misc.o(.text)
    wlan_pm_reset_card                       0x080366f3   Thumb Code    38  mlan_misc.o(.text)
    wlan_pm_ioctl_hscfg                      0x08036719   Thumb Code   216  mlan_misc.o(.text)
    wlan_alloc_mlan_buffer                   0x080367f1   Thumb Code   246  mlan_misc.o(.text)
    wlan_free_mlan_buffer                    0x080368e7   Thumb Code    50  mlan_misc.o(.text)
    wlan_delay_func                          0x08036919   Thumb Code   172  mlan_misc.o(.text)
    wlan_bss_ioctl_bss_role                  0x080369c5   Thumb Code   392  mlan_misc.o(.text)
    wlan_misc_ioctl_custom_ie_list           0x08036b4d   Thumb Code  1374  mlan_misc.o(.text)
    wlan_reg_mem_ioctl_reg_rw                0x080370ab   Thumb Code   132  mlan_misc.o(.text)
    wlan_reg_mem_ioctl_read_eeprom           0x0803712f   Thumb Code    76  mlan_misc.o(.text)
    wlan_reg_mem_ioctl_mem_rw                0x0803717b   Thumb Code    80  mlan_misc.o(.text)
    wlan_is_station_list_empty               0x080371cb   Thumb Code    42  mlan_misc.o(.text)
    wlan_get_station_entry                   0x080371f5   Thumb Code    98  mlan_misc.o(.text)
    wlan_add_station_entry                   0x08037257   Thumb Code   196  mlan_misc.o(.text)
    wlan_delete_station_entry                0x0803731b   Thumb Code    94  mlan_misc.o(.text)
    wlan_delete_station_list                 0x08037379   Thumb Code   102  mlan_misc.o(.text)
    wlan_get_info_ver_ext                    0x080373df   Thumb Code    62  mlan_misc.o(.text)
    wlan_reg_rx_mgmt_ind                     0x0803741d   Thumb Code    76  mlan_misc.o(.text)
    wlan_process_802dot11_mgmt_pkt           0x08037469   Thumb Code   304  mlan_misc.o(.text)
    wlan_misc_otp_user_data                  0x08037599   Thumb Code    86  mlan_misc.o(.text)
    wlan_is_wmm_ie_present                   0x080375ef   Thumb Code   126  mlan_misc.o(.text)
    wlan_get_specific_ie                     0x0803766d   Thumb Code    86  mlan_misc.o(.text)
    wlan_get_pm_info                         0x080376c3   Thumb Code    90  mlan_misc.o(.text)
    wlan_get_hs_wakeup_reason                0x0803771d   Thumb Code    70  mlan_misc.o(.text)
    wlan_radio_ioctl_radio_ctl               0x08037763   Thumb Code   110  mlan_misc.o(.text)
    wlan_radio_ioctl_ant_cfg                 0x080377d1   Thumb Code   274  mlan_misc.o(.text)
    wlan_rate_ioctl_cfg                      0x08037c89   Thumb Code    92  mlan_misc.o(.text)
    wlan_rate_ioctl_get_data_rate            0x08037ce5   Thumb Code    68  mlan_misc.o(.text)
    wlan_misc_ioctl_txcontrol                0x08037d29   Thumb Code    66  mlan_misc.o(.text)
    wlan_is_network_compatible               0x08037f29   Thumb Code   954  mlan_scan.o(.text)
    wlan_save_curr_bcn                       0x08039a2b   Thumb Code   172  mlan_scan.o(.text)
    wlan_ssid_cmp                            0x08039ad7   Thumb Code    68  mlan_scan.o(.text)
    wlan_find_ssid_in_list                   0x08039b1b   Thumb Code   392  mlan_scan.o(.text)
    wlan_flush_scan_table                    0x0803a18f   Thumb Code    70  mlan_scan.o(.text)
    wlan_scan_networks                       0x0803a1d5   Thumb Code   434  mlan_scan.o(.text)
    wlan_cmd_802_11_scan                     0x0803a387   Thumb Code    90  mlan_scan.o(.text)
    wlan_ret_802_11_scan                     0x0803a3e1   Thumb Code   934  mlan_scan.o(.text)
    wlan_cmd_802_11_scan_ext                 0x0803a787   Thumb Code    68  mlan_scan.o(.text)
    wlan_ret_802_11_scan_ext                 0x0803a7cb   Thumb Code    18  mlan_scan.o(.text)
    wlan_handle_event_ext_scan_report        0x0803ab19   Thumb Code   224  mlan_scan.o(.text)
    wlan_cmd_802_11_bg_scan_query            0x0803abf9   Thumb Code    34  mlan_scan.o(.text)
    wlan_cmd_bgscan_config                   0x0803ae6b   Thumb Code   986  mlan_scan.o(.text)
    wlan_ret_bgscan_config                   0x0803b245   Thumb Code    80  mlan_scan.o(.text)
    wlan_ret_802_11_bgscan_query             0x0803b295   Thumb Code    64  mlan_scan.o(.text)
    wlan_find_bssid_in_list                  0x0803b2d5   Thumb Code   222  mlan_scan.o(.text)
    wlan_queue_scan_cmd                      0x0803b3b3   Thumb Code    84  mlan_scan.o(.text)
    wlan_find_best_network                   0x0803b407   Thumb Code   136  mlan_scan.o(.text)
    wlan_scan_specific_ssid                  0x0803b48f   Thumb Code   178  mlan_scan.o(.text)
    wlan_free_curr_bcn                       0x0803b541   Thumb Code    42  mlan_scan.o(.text)
    wlan_check_winner_status                 0x0803be01   Thumb Code    52  mlan_sdio.o(.text)
    wlan_check_fw_status                     0x0803be35   Thumb Code    84  mlan_sdio.o(.text)
    wlan_dnld_fw                             0x0803be89   Thumb Code    42  mlan_sdio.o(.text)
    wlan_sdio_probe                          0x0803beb3   Thumb Code    64  mlan_sdio.o(.text)
    read_int_status                          0x0803bef3   Thumb Code    66  mlan_sdio.o(.text)
    wlan_interrupt                           0x0803bf35   Thumb Code   140  mlan_sdio.o(.text)
    wlan_enable_host_int                     0x0803bfc1   Thumb Code    26  mlan_sdio.o(.text)
    wlan_process_int_status                  0x0803bfdb   Thumb Code   600  mlan_sdio.o(.text)
    wlan_sdio_host_to_card                   0x0803c233   Thumb Code   242  mlan_sdio.o(.text)
    wlan_set_sdio_gpio_int                   0x0803c325   Thumb Code    96  mlan_sdio.o(.text)
    wlan_cmd_sdio_gpio_int                   0x0803c385   Thumb Code    90  mlan_sdio.o(.text)
    mlan_register                            0x0803c453   Thumb Code  1340  mlan_shim.o(.text)
    mlan_unregister                          0x0803c98f   Thumb Code   108  mlan_shim.o(.text)
    mlan_dnld_fw                             0x0803c9fb   Thumb Code   196  mlan_shim.o(.text)
    mlan_set_init_param                      0x0803cabf   Thumb Code    64  mlan_shim.o(.text)
    mlan_init_fw                             0x0803caff   Thumb Code    56  mlan_shim.o(.text)
    mlan_shutdown_fw                         0x0803cb37   Thumb Code   176  mlan_shim.o(.text)
    mlan_main_process                        0x0803cbe7   Thumb Code   804  mlan_shim.o(.text)
    mlan_send_packet                         0x0803cf0b   Thumb Code   180  mlan_shim.o(.text)
    mlan_ioctl                               0x0803cfbf   Thumb Code    82  mlan_shim.o(.text)
    mlan_recv_packet_complete                0x0803d011   Thumb Code    36  mlan_shim.o(.text)
    mlan_select_wmm_queue                    0x0803d035   Thumb Code    44  mlan_shim.o(.text)
    mlan_interrupt                           0x0803d061   Thumb Code    46  mlan_shim.o(.text)
    wlan_ops_sta_prepare_cmd                 0x0803dfd3   Thumb Code  1508  mlan_sta_cmd.o(.text)
    wlan_ops_sta_init_cmd                    0x0803e5b7   Thumb Code   272  mlan_sta_cmd.o(.text)
    wlan_ops_sta_process_cmdresp             0x0803f351   Thumb Code  1602  mlan_sta_cmdresp.o(.text)
    wlan_reset_connect_state                 0x0803f995   Thumb Code   340  mlan_sta_event.o(.text)
    wlan_2040_coex_event                     0x0803fb05   Thumb Code    84  mlan_sta_event.o(.text)
    wlan_ops_sta_process_event               0x0803fb59   Thumb Code  1622  mlan_sta_event.o(.text)
    wlan_find_bss                            0x080410d1   Thumb Code   274  mlan_sta_ioctl.o(.text)
    wlan_bss_ioctl_find_bss                  0x080411e3   Thumb Code    70  mlan_sta_ioctl.o(.text)
    wlan_misc_ioctl_mac_control              0x080433af   Thumb Code    88  mlan_sta_ioctl.o(.text)
    wlan_misc_ioctl_thermal                  0x08043407   Thumb Code   122  mlan_sta_ioctl.o(.text)
    wlan_misc_ioctl_subscribe_evt            0x08043481   Thumb Code    80  mlan_sta_ioctl.o(.text)
    wlan_ipaddr_arp_filter                   0x080434d1   Thumb Code   244  mlan_sta_ioctl.o(.text)
    wlan_ipaddr_auto_arp_resp                0x080435c5   Thumb Code   288  mlan_sta_ioctl.o(.text)
    wlan_misc_ioctl_mef_cfg                  0x080436e5   Thumb Code   362  mlan_sta_ioctl.o(.text)
    wlan_misc_ioctl_ipaddr_cfg               0x0804384f   Thumb Code   250  mlan_sta_ioctl.o(.text)
    wlan_misc_ioctl_cfp_code_cfg             0x08043949   Thumb Code   448  mlan_sta_ioctl.o(.text)
    wlan_misc_ioctl_country_code             0x08043b09   Thumb Code   212  mlan_sta_ioctl.o(.text)
    wlan_set_ewpa_mode                       0x08043f9f   Thumb Code    52  mlan_sta_ioctl.o(.text)
    wlan_ops_sta_ioctl                       0x08043fd3   Thumb Code   284  mlan_sta_ioctl.o(.text)
    wlan_process_rx_packet                   0x080440f9   Thumb Code   342  mlan_sta_rx.o(.text)
    wlan_ops_sta_process_rx_packet           0x0804424f   Thumb Code   372  mlan_sta_rx.o(.text)
    wlan_check_last_packet_indication        0x080443e1   Thumb Code   180  mlan_sta_tx.o(.text)
    wlan_ops_sta_process_txpd                0x08044495   Thumb Code   290  mlan_sta_tx.o(.text)
    wlan_send_null_packet                    0x080445b7   Thumb Code   280  mlan_sta_tx.o(.text)
    wlan_handle_rx_packet                    0x08044783   Thumb Code   186  mlan_txrx.o(.text)
    wlan_write_data_complete                 0x0804483d   Thumb Code   116  mlan_txrx.o(.text)
    wlan_process_tx                          0x080448b1   Thumb Code   234  mlan_txrx.o(.text)
    wlan_recv_packet_complete                0x0804499b   Thumb Code   156  mlan_txrx.o(.text)
    wlan_add_buf_bypass_txqueue              0x08044a37   Thumb Code    90  mlan_txrx.o(.text)
    wlan_bypass_tx_list_empty                0x08044a91   Thumb Code    46  mlan_txrx.o(.text)
    wlan_cleanup_bypass_txq                  0x08044abf   Thumb Code    92  mlan_txrx.o(.text)
    wlan_process_bypass_tx                   0x08044b1b   Thumb Code   186  mlan_txrx.o(.text)
    wlan_check_specific_ie                   0x0804694f   Thumb Code   222  mlan_uap_cmdevent.o(.text)
    wlan_ops_uap_prepare_cmd                 0x08046e35   Thumb Code   882  mlan_uap_cmdevent.o(.text)
    wlan_ops_uap_process_cmdresp             0x080471a7   Thumb Code  1000  mlan_uap_cmdevent.o(.text)
    wlan_ops_uap_process_event               0x0804758f   Thumb Code  1184  mlan_uap_cmdevent.o(.text)
    wlan_ops_uap_init_cmd                    0x08047a2f   Thumb Code    92  mlan_uap_cmdevent.o(.text)
    wlan_uap_set_channel                     0x08047ac9   Thumb Code    88  mlan_uap_ioctl.o(.text)
    wlan_uap_get_channel                     0x08047bef   Thumb Code    72  mlan_uap_ioctl.o(.text)
    wlan_uap_get_beacon_dtim                 0x08048695   Thumb Code    84  mlan_uap_ioctl.o(.text)
    wlan_ops_uap_ioctl                       0x080486e9   Thumb Code  1156  mlan_uap_ioctl.o(.text)
    wlan_ops_uap_process_txpd                0x08048c99   Thumb Code   266  mlan_uap_txrx.o(.text)
    wlan_process_uap_rx_packet               0x08048da3   Thumb Code   440  mlan_uap_txrx.o(.text)
    wlan_ops_uap_process_rx_packet           0x08048f5b   Thumb Code   336  mlan_uap_txrx.o(.text)
    wlan_uap_recv_packet                     0x080490ab   Thumb Code   380  mlan_uap_txrx.o(.text)
    wlan_wmm_get_ralist_node                 0x08049863   Thumb Code    92  mlan_wmm.o(.text)
    wlan_get_random_ba_threshold             0x080498bf   Thumb Code    74  mlan_wmm.o(.text)
    wlan_ralist_add                          0x08049909   Thumb Code   278  mlan_wmm.o(.text)
    wlan_is_ralist_valid                     0x08049d93   Thumb Code    76  mlan_wmm.o(.text)
    wlan_updata_ralist_tx_pause              0x0804a311   Thumb Code   162  mlan_wmm.o(.text)
    wlan_clean_txrx                          0x0804a3b3   Thumb Code   122  mlan_wmm.o(.text)
    wlan_wmm_default_queue_priorities        0x0804a42d   Thumb Code    34  mlan_wmm.o(.text)
    wlan_wmm_setup_queue_priorities          0x0804a44f   Thumb Code   280  mlan_wmm.o(.text)
    wlan_wmm_setup_ac_downgrade              0x0804a567   Thumb Code    72  mlan_wmm.o(.text)
    wlan_wmm_init                            0x0804a5af   Thumb Code   216  mlan_wmm.o(.text)
    wlan_wmm_setup_queues                    0x0804a687   Thumb Code    28  mlan_wmm.o(.text)
    wlan_cmd_wmm_status_change               0x0804a6a3   Thumb Code    38  mlan_wmm.o(.text)
    wlan_wmm_lists_empty                     0x0804a6c9   Thumb Code    86  mlan_wmm.o(.text)
    wlan_ralist_update                       0x0804a71f   Thumb Code   142  mlan_wmm.o(.text)
    wlan_wmm_add_buf_txqueue                 0x0804a7ad   Thumb Code   414  mlan_wmm.o(.text)
    wlan_ret_wmm_get_status                  0x0804a94b   Thumb Code   362  mlan_wmm.o(.text)
    wlan_wmm_process_association_req         0x0804aab5   Thumb Code   198  mlan_wmm.o(.text)
    wlan_wmm_compute_driver_packet_delay     0x0804ab7b   Thumb Code    92  mlan_wmm.o(.text)
    wlan_wmm_process_tx                      0x0804abd7   Thumb Code    50  mlan_wmm.o(.text)
    wlan_wmm_select_queue                    0x0804ac09   Thumb Code    72  mlan_wmm.o(.text)
    wlan_drop_tx_pkts                        0x0804ad19   Thumb Code   104  mlan_wmm.o(.text)
    wlan_wmm_delete_peer_ralist              0x0804ad81   Thumb Code   224  mlan_wmm.o(.text)
    wlan_cmd_wmm_addts_req                   0x0804ae61   Thumb Code    84  mlan_wmm.o(.text)
    wlan_ret_wmm_addts_req                   0x0804aeb5   Thumb Code   102  mlan_wmm.o(.text)
    wlan_cmd_wmm_delts_req                   0x0804af1b   Thumb Code    82  mlan_wmm.o(.text)
    wlan_ret_wmm_delts_req                   0x0804af6d   Thumb Code    78  mlan_wmm.o(.text)
    wlan_cmd_wmm_queue_stats                 0x0804afbb   Thumb Code   120  mlan_wmm.o(.text)
    wlan_ret_wmm_queue_stats                 0x0804b033   Thumb Code   104  mlan_wmm.o(.text)
    wlan_cmd_wmm_ts_status                   0x0804b09b   Thumb Code    58  mlan_wmm.o(.text)
    wlan_ret_wmm_ts_status                   0x0804b0d5   Thumb Code    76  mlan_wmm.o(.text)
    wlan_cmd_wmm_queue_config                0x0804b2fd   Thumb Code    48  mlan_wmm.o(.text)
    wlan_ret_wmm_queue_config                0x0804b32d   Thumb Code    40  mlan_wmm.o(.text)
    wlan_wmm_cfg_ioctl                       0x0804b395   Thumb Code   196  mlan_wmm.o(.text)
    wlan_11d_parse_domain_info               0x0804ba21   Thumb Code   234  mlan_11d.o(.text)
    wlan_is_station                          0x0804bd47   Thumb Code    22  mlan_11d.o(.text)
    wlan_11d_is_enabled                      0x0804bd5d   Thumb Code    24  mlan_11d.o(.text)
    wlan_11d_priv_init                       0x0804bd75   Thumb Code    50  mlan_11d.o(.text)
    wlan_11d_init                            0x0804bda7   Thumb Code    62  mlan_11d.o(.text)
    wlan_11d_enable                          0x0804bde5   Thumb Code    80  mlan_11d.o(.text)
    wlan_cmd_802_11d_domain_info             0x0804be35   Thumb Code   160  mlan_11d.o(.text)
    wlan_ret_802_11d_domain_info             0x0804bed5   Thumb Code    88  mlan_11d.o(.text)
    wlan_11d_chan_2_freq                     0x0804bf2d   Thumb Code    70  mlan_11d.o(.text)
    wlan_11d_set_universaltable              0x0804bf73   Thumb Code   226  mlan_11d.o(.text)
    wlan_11d_get_scan_type                   0x0804c055   Thumb Code    58  mlan_11d.o(.text)
    wlan_11d_clear_parsedtable               0x0804c08f   Thumb Code    54  mlan_11d.o(.text)
    wlan_11d_create_dnld_countryinfo         0x0804c0c5   Thumb Code   244  mlan_11d.o(.text)
    wlan_11d_parse_dnld_countryinfo          0x0804c1b9   Thumb Code   272  mlan_11d.o(.text)
    wlan_11d_prepare_dnld_domain_info_cmd    0x0804c2c9   Thumb Code   188  mlan_11d.o(.text)
    wlan_11d_cfg_domain_info                 0x0804c385   Thumb Code   120  mlan_11d.o(.text)
    wlan_11d_handle_uap_domain_info          0x0804c3fd   Thumb Code   116  mlan_11d.o(.text)
    iwdg_init                                0x0804c471   Thumb Code    34  main.o(.text)
    Init_Wifi                                0x0804c493   Thumb Code    38  main.o(.text)
    task_led                                 0x0804c4b9   Thumb Code    48  main.o(.text)
    task_uart                                0x0804c4e9   Thumb Code    82  main.o(.text)
    cpuidGetId                               0x0804c53b   Thumb Code    26  main.o(.text)
    main_thread                              0x0804c555   Thumb Code   308  main.o(.text)
    main                                     0x0804c689   Thumb Code    42  main.o(.text)
    LED_Configuration                        0x0804c8e9   Thumb Code    40  led.o(.text)
    LED_Blink                                0x0804c91f   Thumb Code    84  led.o(.text)
    One_LED_ON                               0x0804c973   Thumb Code   104  led.o(.text)
    ZQWL_System_Clock_Init                   0x0804c9f1   Thumb Code   122  test_wifi.o(.text)
    Auto_Get_IP                              0x0804ca6b   Thumb Code   188  test_wifi.o(.text)
    close_socket                             0x0804cb27   Thumb Code   428  test_wifi.o(.text)
    TCP_Link                                 0x0804ccd3   Thumb Code   792  test_wifi.o(.text)
    TCP_Unlink                               0x0804cfeb   Thumb Code   106  test_wifi.o(.text)
    TCP_Accept_Task                          0x0804d055   Thumb Code   324  test_wifi.o(.text)
    Create_TCP_Server                        0x0804d199   Thumb Code   620  test_wifi.o(.text)
    TCP_Send_Data                            0x0804d405   Thumb Code   130  test_wifi.o(.text)
    DNS                                      0x0804d487   Thumb Code   184  test_wifi.o(.text)
    UDP_Create_Server                        0x0804d53f   Thumb Code   392  test_wifi.o(.text)
    UDP_Sendto_Data                          0x0804d6c7   Thumb Code   136  test_wifi.o(.text)
    Init_Udhcpd                              0x0804d74f   Thumb Code   590  test_wifi.o(.text)
    Enable_Dhcp_Server                       0x0804d99d   Thumb Code    92  test_wifi.o(.text)
    delay_1us                                0x0804da4d   Thumb Code    14  sys_misc.o(.text)
    delay_us                                 0x0804da5b   Thumb Code    20  sys_misc.o(.text)
    assert_failed                            0x0804da6f   Thumb Code    74  sys_misc.o(.text)
    HardFault_Handler                        0x0804dab9   Thumb Code    78  sys_misc.o(.text)
    App_TaskCreateHook                       0x0804db07   Thumb Code     4  sys_misc.o(.text)
    App_TaskDelHook                          0x0804db0b   Thumb Code     4  sys_misc.o(.text)
    App_TaskReturnHook                       0x0804db0f   Thumb Code     4  sys_misc.o(.text)
    App_TCBInitHook                          0x0804db13   Thumb Code     4  sys_misc.o(.text)
    App_TaskSwHook                           0x0804db17   Thumb Code     2  sys_misc.o(.text)
    App_TimeTickHook                         0x0804db19   Thumb Code     2  sys_misc.o(.text)
    App_TaskStatHook                         0x0804db1b   Thumb Code    10  sys_misc.o(.text)
    fputc                                    0x0804db69   Thumb Code    32  sci.o(.text)
    USART_Configuration                      0x0804db89   Thumb Code   186  sci.o(.text)
    USART1_IRQHandler                        0x0804dc43   Thumb Code   124  sci.o(.text)
    RS232_Send_Data                          0x0804dcbf   Thumb Code    38  sci.o(.text)
    task_parallet                            0x0804dcf9   Thumb Code   372  task_parallet.o(.text)
    ZQWL_W8782_IRQ_Handler                   0x0804ded5   Thumb Code    58  tcp_client.o(.text)
    send_ex                                  0x0804df0f   Thumb Code    56  tcp_client.o(.text)
    Task_TCP_Client                          0x0804df47   Thumb Code   564  tcp_client.o(.text)
    Task_Client_Sock_Stats                   0x0804e17b   Thumb Code    76  tcp_client.o(.text)
    get_wifi_dev                             0x0804e2dd   Thumb Code     6  wifi.o(.text)
    is_hw_ok                                 0x0804e2e3   Thumb Code    14  wifi.o(.text)
    wifi_disconnect                          0x0804e2f1   Thumb Code    60  wifi.o(.text)
    wifi_stop_ap                             0x0804e32d   Thumb Code    50  wifi.o(.text)
    wifi_set_mode                            0x0804e35f   Thumb Code   172  wifi.o(.text)
    wifi_set_multicast                       0x0804e40b   Thumb Code    66  wifi.o(.text)
    wifi_set_promisc                         0x0804e44d   Thumb Code    12  wifi.o(.text)
    wifi_set_channel                         0x0804e459   Thumb Code    98  wifi.o(.text)
    wifi_ap_cfg                              0x0804e4bb   Thumb Code   312  wifi.o(.text)
    wifi_join_adhoc                          0x0804e5f3   Thumb Code   174  wifi.o(.text)
    wifi_leave_adhoc                         0x0804e6a1   Thumb Code   204  wifi.o(.text)
    wifi_get_sta_list                        0x0804e76d   Thumb Code    76  wifi.o(.text)
    new_scan_req                             0x0804e7b9   Thumb Code   244  wifi.o(.text)
    wifi_scan                                0x0804e8ad   Thumb Code    82  wifi.o(.text)
    is_wifi_connected                        0x0804e8ff   Thumb Code    18  wifi.o(.text)
    wifi_connect                             0x0804e911   Thumb Code   188  wifi.o(.text)
    wifi_get_mac                             0x0804e9cd   Thumb Code    20  wifi.o(.text)
    wifi_get_stats                           0x0804e9e1   Thumb Code    72  wifi.o(.text)
    wifi_power_cfg                           0x0804ea29   Thumb Code   212  wifi.o(.text)
    event_callback                           0x0804eafd   Thumb Code     6  wifi.o(.text)
    create_mac                               0x0804eb03   Thumb Code   110  wifi.o(.text)
    register_netdev                          0x0804eb71   Thumb Code    34  wifi.o(.text)
    Fix_ZQWL_Params                          0x0804eba1   Thumb Code    72  wifi_config.o(.text)
    Init_W8782                               0x0804ebe9   Thumb Code    32  wifi_config.o(.text)
    tcpip_init_end                           0x0804ec09   Thumb Code     2  wifi_config.o(.text)
    lwip_netif_init                          0x0804ec0b   Thumb Code   110  wifi_config.o(.text)
    Init_Lwip                                0x0804ec79   Thumb Code    52  wifi_config.o(.text)
    Wifi_Get_Status                          0x0804ecad   Thumb Code    72  wifi_config.o(.text)
    Create_AP                                0x0804ecf5   Thumb Code    46  wifi_config.o(.text)
    Power_Mode                               0x0804ed23   Thumb Code   212  wifi_config.o(.text)
    print_scan_result                        0x0804edf7   Thumb Code   128  wifi_config.o(.text)
    scan_result_fun                          0x0804ee77   Thumb Code    14  wifi_config.o(.text)
    Get_Station_List                         0x0804ee85   Thumb Code    76  wifi_config.o(.text)
    Scan_Wifi                                0x0804eed1   Thumb Code    14  wifi_config.o(.text)
    Wifi_Connect                             0x0804eedf   Thumb Code    48  wifi_config.o(.text)
    Wifi_Stop_AP                             0x0804ef0f   Thumb Code    50  wifi_config.o(.text)
    Wifi_Disconnect                          0x0804ef41   Thumb Code   208  wifi_config.o(.text)
    Wifi_Set_Mode                            0x0804f011   Thumb Code   172  wifi_config.o(.text)
    Get_Socket_Status                        0x0804f0c9   Thumb Code   160  zqwl_eth_driver.o(.text)
    is_dhcp_socket                           0x0804f169   Thumb Code    50  zqwl_eth_driver.o(.text)
    tcp_recv_thread                          0x0804f19b   Thumb Code   328  zqwl_eth_driver.o(.text)
    MCU_Soft_Reset                           0x0804f2e3   Thumb Code    30  zqwl_eth_driver.o(.text)
    Wifi_Join_Adhoc                          0x0804f301   Thumb Code    32  zqwl_eth_driver.o(.text)
    Wifi_Leave_Adhoc                         0x0804f321   Thumb Code    58  zqwl_eth_driver.o(.text)
    UDP_Link                                 0x0804f35b   Thumb Code   148  zqwl_eth_driver.o(.text)
    UDP_Create_Client                        0x0804f3ef   Thumb Code   112  zqwl_eth_driver.o(.text)
    __rt_ctype_table                         0x0804f47d   Thumb Code     4  ctype_o.o(.text)
    tolower                                  0x0804f485   Thumb Code    12  tolower.o(.text)
    ____aeabi_memcpy8$ret$move               0x0804f491   Thumb Code     0  memmove.o(.text)
    ___aeabi_memmove4$ret                    0x0804f491   Thumb Code     0  memmove.o(.text)
    ___aeabi_memmove8$ret                    0x0804f491   Thumb Code     0  memmove.o(.text)
    __aeabi_memcpy                           0x0804f491   Thumb Code    66  memmove.o(.text)
    __aeabi_memcpy4                          0x0804f491   Thumb Code     0  memmove.o(.text)
    __aeabi_memmove                          0x0804f491   Thumb Code     0  memmove.o(.text)
    memcpy                                   0x0804f491   Thumb Code     0  memmove.o(.text)
    memmove                                  0x0804f491   Thumb Code     0  memmove.o(.text)
    __aeabi_memset                           0x0804f4d3   Thumb Code    14  memseta.o(.text)
    __aeabi_memset4                          0x0804f4d3   Thumb Code     0  memseta.o(.text)
    __aeabi_memset8                          0x0804f4d3   Thumb Code     0  memseta.o(.text)
    __aeabi_memclr                           0x0804f4e1   Thumb Code     4  memseta.o(.text)
    __aeabi_memclr4                          0x0804f4e1   Thumb Code     0  memseta.o(.text)
    __aeabi_memclr8                          0x0804f4e1   Thumb Code     0  memseta.o(.text)
    memset                                   0x0804f4e5   Thumb Code    18  memseta.o(.text)
    strcat                                   0x0804f4f7   Thumb Code    24  strcat.o(.text)
    strncpy                                  0x0804f50f   Thumb Code    24  strncpy.o(.text)
    strlen                                   0x0804f527   Thumb Code    14  strlen.o(.text)
    strcmp                                   0x0804f535   Thumb Code    28  strcmp.o(.text)
    memcmp                                   0x0804f551   Thumb Code    26  memcmp.o(.text)
    strcpy                                   0x0804f56b   Thumb Code    18  strcpy.o(.text)
    strncmp                                  0x0804f57d   Thumb Code    30  strncmp.o(.text)
    __aeabi_uidiv                            0x0804f59b   Thumb Code     0  uidiv.o(.text)
    __aeabi_uidivmod                         0x0804f59b   Thumb Code    44  uidiv.o(.text)
    __aeabi_uldivmod                         0x0804f5c7   Thumb Code    98  uldiv.o(.text)
    __I$use$fp                               0x0804f629   Thumb Code     0  iusefp.o(.text)
    __aeabi_dadd                             0x0804f629   Thumb Code   322  dadd.o(.text)
    __aeabi_dsub                             0x0804f76b   Thumb Code     6  dadd.o(.text)
    __aeabi_drsub                            0x0804f771   Thumb Code     6  dadd.o(.text)
    __aeabi_dmul                             0x0804f777   Thumb Code   228  dmul.o(.text)
    __aeabi_ddiv                             0x0804f85b   Thumb Code   222  ddiv.o(.text)
    __aeabi_d2ulz                            0x0804f939   Thumb Code    48  dfixul.o(.text)
    __aeabi_cdrcmple                         0x0804f969   Thumb Code    48  cdrcmple.o(.text)
    __scatterload                            0x0804f999   Thumb Code    28  init.o(.text)
    __scatterload_rt2                        0x0804f999   Thumb Code     0  init.o(.text)
    __aeabi_llsl                             0x0804f9bd   Thumb Code    30  llshl.o(.text)
    _ll_shift_l                              0x0804f9bd   Thumb Code     0  llshl.o(.text)
    __aeabi_llsr                             0x0804f9db   Thumb Code    32  llushr.o(.text)
    _ll_ushift_r                             0x0804f9db   Thumb Code     0  llushr.o(.text)
    __aeabi_lasr                             0x0804f9fb   Thumb Code    36  llsshr.o(.text)
    _ll_sshift_r                             0x0804f9fb   Thumb Code     0  llsshr.o(.text)
    _double_round                            0x0804fa1f   Thumb Code    30  depilogue.o(.text)
    _double_epilogue                         0x0804fa3d   Thumb Code   156  depilogue.o(.text)
    __decompress                             0x0804fad9   Thumb Code     0  __dclz77c.o(.text)
    __decompress2                            0x0804fad9   Thumb Code    94  __dclz77c.o(.text)
    __0printf$8                              0x0804fb39   Thumb Code    22  printf8.o(i.__0printf$8)
    __1printf$8                              0x0804fb39   Thumb Code     0  printf8.o(i.__0printf$8)
    __2printf                                0x0804fb39   Thumb Code     0  printf8.o(i.__0printf$8)
    __0snprintf                              0x0804fb59   Thumb Code    44  printfa.o(i.__0snprintf)
    __1snprintf                              0x0804fb59   Thumb Code     0  printfa.o(i.__0snprintf)
    __2snprintf$full                         0x0804fb59   Thumb Code     0  printfa.o(i.__0snprintf)
    __c89snprintf                            0x0804fb59   Thumb Code     0  printfa.o(i.__0snprintf)
    snprintf                                 0x0804fb59   Thumb Code     0  printfa.o(i.__0snprintf)
    __0snprintf$8                            0x0804fb89   Thumb Code    44  printf8.o(i.__0snprintf$8)
    __1snprintf$8                            0x0804fb89   Thumb Code     0  printf8.o(i.__0snprintf$8)
    __2snprintf                              0x0804fb89   Thumb Code     0  printf8.o(i.__0snprintf$8)
    __0sprintf$8                             0x0804fbb9   Thumb Code    34  printf8.o(i.__0sprintf$8)
    __1sprintf$8                             0x0804fbb9   Thumb Code     0  printf8.o(i.__0sprintf$8)
    __2sprintf                               0x0804fbb9   Thumb Code     0  printf8.o(i.__0sprintf$8)
    __free$realloc                           0x0804fbe1   Thumb Code    88  mallocr.o(i.__free$realloc)
    __malloc$realloc                         0x0804fc3d   Thumb Code    64  mallocr.o(i.__malloc$realloc)
    __scatterload_copy                       0x0804fc8d   Thumb Code    14  handlers.o(i.__scatterload_copy)
    __scatterload_null                       0x0804fc9b   Thumb Code     2  handlers.o(i.__scatterload_null)
    __scatterload_zeroinit                   0x0804fc9d   Thumb Code    14  handlers.o(i.__scatterload_zeroinit)
    exit_interrupt                           0x080509f9   Thumb Code    24  os_cpu_c.o(i.exit_interrupt)
    local_irq_restore                        0x08050a65   Thumb Code    12  sdcard.o(i.local_irq_restore)
    local_irq_save                           0x08050a71   Thumb Code    14  sdcard.o(i.local_irq_save)
    realloc                                  0x08050a81   Thumb Code   102  mallocr.o(i.realloc)
    OSUnMapTbl                               0x08050b5f   Data         256  os_core.o(.constdata)
    not_used_name                            0x08050c8a   Data           9  memory.o(.constdata)
    pvNullPointer                            0x08050da8   Data           4  sys_arch.o(.constdata)
    zero_ref                                 0x08050dbc   Data           4  def.o(.constdata)
    memp_sizes                               0x08050dd4   Data          32  memp.o(.constdata)
    tcp_state_str                            0x08050e08   Data          44  tcp.o(.constdata)
    tcp_backoff                              0x08050e34   Data          13  tcp.o(.constdata)
    tcp_persist_backoff                      0x08050e41   Data           7  tcp.o(.constdata)
    tcp_pcb_lists                            0x08050e48   Data          16  tcp.o(.constdata)
    ip_addr_any                              0x08050ec0   Data           4  ip_addr.o(.constdata)
    ip_addr_broadcast                        0x08050ec4   Data           4  ip_addr.o(.constdata)
    ethbroadcast                             0x08050f22   Data           6  etharp.o(.constdata)
    ethzero                                  0x08050f28   Data           6  etharp.o(.constdata)
    broken_vendors                           0x08050f2e   Data          16  dhcpd.o(.constdata)
    blank_chaddr                             0x08050f62   Data          16  leases.o(.constdata)
    options                                  0x08050f7c   Data         324  options.o(.constdata)
    option_lengths                           0x080510c0   Data          40  options.o(.constdata)
    cfg80211_rates                           0x08051260   Data         168  moal_cfg80211.o(.constdata)
    cfg80211_channels_2ghz                   0x08051308   Data         504  moal_cfg80211.o(.constdata)
    cfg80211_channels_5ghz                   0x08051500   Data        1116  moal_cfg80211.o(.constdata)
    cfg80211_cipher_suites                   0x0805195c   Data          40  moal_cfg80211.o(.constdata)
    fm_88w8287                               0x08051a2c   Data       249580  moal_main.o(.constdata)
    woal_netdev_ops                          0x0808e918   Data          40  moal_main.o(.constdata)
    woal_uap_netdev_ops                      0x0808e940   Data          40  moal_main.o(.constdata)
    ac_to_tid                                0x0808ed3d   Data           8  mlan_wmm.o(.constdata)
    __ctype_table                            0x0808ee7c   Data         129  ctype_o.o(.constdata)
    Region$$Table$$Base                      0x0808f200   Number         0  anon$$obj.o(Region$$Table)
    Region$$Table$$Limit                     0x0808f220   Number         0  anon$$obj.o(Region$$Table)
    SystemCoreClock                          0x20000010   Data           4  system_stm32f4xx.o(.data)
    AHBPrescTable                            0x20000014   Data          16  system_stm32f4xx.o(.data)
    g_parallet                               0x20000030   Data           2  parallel.o(.data)
    OSCtxSwCtr                               0x20000034   Data           4  os_core.o(.data)
    OSEventFreeList                          0x20000038   Data           4  os_core.o(.data)
    OSFlagFreeList                           0x2000003c   Data           4  os_core.o(.data)
    OSCPUUsage                               0x20000040   Data           1  os_core.o(.data)
    OSIdleCtrMax                             0x20000044   Data           4  os_core.o(.data)
    OSIdleCtrRun                             0x20000048   Data           4  os_core.o(.data)
    OSStatRdy                                0x2000004c   Data           1  os_core.o(.data)
    OSIntNesting                             0x2000004d   Data           1  os_core.o(.data)
    OSLockNesting                            0x2000004e   Data           1  os_core.o(.data)
    OSPrioCur                                0x2000004f   Data           1  os_core.o(.data)
    OSPrioHighRdy                            0x20000050   Data           1  os_core.o(.data)
    OSRdyGrp                                 0x20000051   Data           1  os_core.o(.data)
    OSRdyTbl                                 0x20000052   Data           5  os_core.o(.data)
    OSRunning                                0x20000057   Data           1  os_core.o(.data)
    OSTaskCtr                                0x20000058   Data           1  os_core.o(.data)
    OSIdleCtr                                0x2000005c   Data           4  os_core.o(.data)
    OSTCBCur                                 0x20000060   Data           4  os_core.o(.data)
    OSTCBFreeList                            0x20000064   Data           4  os_core.o(.data)
    OSTCBHighRdy                             0x20000068   Data           4  os_core.o(.data)
    OSTCBList                                0x2000006c   Data           4  os_core.o(.data)
    OSTickStepState                          0x20000070   Data           1  os_core.o(.data)
    OSMemFreeList                            0x20000074   Data           4  os_core.o(.data)
    OSQFreeList                              0x20000078   Data           4  os_core.o(.data)
    OSTime                                   0x2000007c   Data           4  os_core.o(.data)
    OSTmrFree                                0x20000080   Data           2  os_core.o(.data)
    OSTmrUsed                                0x20000082   Data           2  os_core.o(.data)
    OSTmrTime                                0x20000084   Data           4  os_core.o(.data)
    OSTmrSem                                 0x20000088   Data           4  os_core.o(.data)
    OSTmrSemSignal                           0x2000008c   Data           4  os_core.o(.data)
    OSTmrFreeList                            0x20000090   Data           4  os_core.o(.data)
    jiffies                                  0x20000098   Data           4  os_cpu_c.o(.data)
    tick_ms                                  0x2000009c   Data           4  os_cpu_c.o(.data)
    errno                                    0x200000d8   Data           4  sockets.o(.data)
    mbox                                     0x200000e4   Data           4  tcpip.o(.data)
    timeoutslist                             0x200000ec   Data           4  sys_arch.o(.data)
    netif_list                               0x20000104   Data           4  netif.o(.data)
    netif_default                            0x20000108   Data           4  netif.o(.data)
    pbuf_free_ooseq_pending                  0x2000010d   Data           1  pbuf.o(.data)
    tcp_ticks                                0x20000118   Data           4  tcp.o(.data)
    tcp_bound_pcbs                           0x2000011c   Data           4  tcp.o(.data)
    tcp_listen_pcbs                          0x20000120   Data           4  tcp.o(.data)
    tcp_active_pcbs                          0x20000124   Data           4  tcp.o(.data)
    tcp_tw_pcbs                              0x20000128   Data           4  tcp.o(.data)
    tcp_tmp_pcb                              0x2000012c   Data           4  tcp.o(.data)
    tcp_active_pcbs_changed                  0x20000130   Data           1  tcp.o(.data)
    tcp_input_pcb                            0x20000154   Data           4  tcp_in.o(.data)
    udp_pcbs                                 0x20000164   Data           4  udp.o(.data)
    current_netif                            0x20000174   Data           4  ip.o(.data)
    current_header                           0x20000178   Data           4  ip.o(.data)
    current_iphdr_src                        0x2000017c   Data           4  ip.o(.data)
    current_iphdr_dest                       0x20000180   Data           4  ip.o(.data)
    tx_skb                                   0x20000190   Data           4  ethernetif.o(.data)
    leases                                   0x2000019c   Data           4  dhcpd.o(.data)
    dhcp_packet                              0x200001a0   Data           4  dhcpd.o(.data)
    usr_scan_result_callback                 0x200001a8   Data           4  usr_cfg.o(.data)
    cfg80211_band_2ghz                       0x200001ac   Data          44  moal_cfg80211.o(.data)
    cfg80211_band_5ghz                       0x200001d8   Data          44  moal_cfg80211.o(.data)
    driver_version                           0x2000022c   Data          10  moal_main.o(.data)
    fw_name                                  0x20000238   Data           4  moal_main.o(.data)
    req_fw_nowait                            0x2000023c   Data           4  moal_main.o(.data)
    mac_addr                                 0x20000240   Data           4  moal_main.o(.data)
    intmode                                  0x20000244   Data           4  moal_main.o(.data)
    gpiopin                                  0x20000248   Data           4  moal_main.o(.data)
    auto_ds                                  0x2000024c   Data           4  moal_main.o(.data)
    ps_mode                                  0x20000250   Data           4  moal_main.o(.data)
    max_tx_buf                               0x20000254   Data           4  moal_main.o(.data)
    max_sta_bss                              0x20000258   Data           4  moal_main.o(.data)
    sta_name                                 0x2000025c   Data           4  moal_main.o(.data)
    max_uap_bss                              0x20000260   Data           4  moal_main.o(.data)
    uap_name                                 0x20000264   Data           4  moal_main.o(.data)
    cfg_11d                                  0x20000268   Data           4  moal_main.o(.data)
    cal_data_cfg                             0x2000026c   Data           4  moal_main.o(.data)
    init_cfg                                 0x20000270   Data           4  moal_main.o(.data)
    cfg80211_wext                            0x20000274   Data           4  moal_main.o(.data)
    wq_sched_prio                            0x20000278   Data           4  moal_main.o(.data)
    drv_mode                                 0x2000027c   Data           4  moal_main.o(.data)
    AddRemoveCardSem                         0x20000280   Data           4  moal_main.o(.data)
    m_handle                                 0x20000284   Data           4  moal_main.o(.data)
    woal_callbacks                           0x2000028c   Data         132  moal_shim.o(.data)
    woal_cfg80211_sta_ops                    0x20000310   Data          96  moal_sta_cfg80211.o(.data)
    woal_cfg80211_uap_ops                    0x20000374   Data          96  moal_uap_cfg80211.o(.data)
    region_code_index                        0x200012f0   Data          18  mlan_cfp.o(.data)
    cfp_code_index_bg                        0x20001302   Data           2  mlan_cfp.o(.data)
    cfp_code_index_a                         0x20001304   Data          10  mlan_cfp.o(.data)
    AdhocRates_B                             0x2000130e   Data           5  mlan_cfp.o(.data)
    AdhocRates_G                             0x20001313   Data           9  mlan_cfp.o(.data)
    AdhocRates_BG                            0x2000131c   Data          13  mlan_cfp.o(.data)
    AdhocRates_A                             0x20001329   Data           9  mlan_cfp.o(.data)
    SupportedRates_A                         0x20001332   Data           9  mlan_cfp.o(.data)
    WlanDataRates                            0x2000133c   Data          64  mlan_cfp.o(.data)
    SupportedRates_B                         0x2000137c   Data           5  mlan_cfp.o(.data)
    SupportedRates_G                         0x20001381   Data           9  mlan_cfp.o(.data)
    SupportedRates_BG                        0x2000138a   Data          13  mlan_cfp.o(.data)
    SupportedRates_N                         0x20001397   Data           3  mlan_cfp.o(.data)
    mlan_sta_ops                             0x200013b4   Data          32  mlan_shim.o(.data)
    mlan_uap_ops                             0x200013d4   Data          32  mlan_shim.o(.data)
    mlan_ops                                 0x200013f4   Data          12  mlan_shim.o(.data)
    assert_callback                          0x20001400   Data           4  mlan_shim.o(.data)
    tos_to_tid                               0x20001404   Data           8  mlan_wmm.o(.data)
    tos_to_tid_inv                           0x2000140c   Data           8  mlan_wmm.o(.data)
    hParalletMsgQueue                        0x20001664   Data           4  main.o(.data)
    g_hParalletRxMem                         0x20001668   Data           4  main.o(.data)
    g_sem_flag                               0x2000166c   Data           4  main.o(.data)
    dbg_level                                0x20001670   Data           4  test_wifi.o(.data)
    p_netif                                  0x20001678   Data           4  test_wifi.o(.data)
    rfds                                     0x2000167c   Data           1  test_wifi.o(.data)
    socket_mutex                             0x20001680   Data           4  test_wifi.o(.data)
    RS232_REC_Flag                           0x20001688   Data           1  sci.o(.data)
    RS485_REC_Flag                           0x20001689   Data           1  sci.o(.data)
    RS232_rec_counter                        0x2000168c   Data           4  sci.o(.data)
    RS485_rec_counter                        0x20001690   Data           4  sci.o(.data)
    pblock                                   0x20001694   Data           4  task_parallet.o(.data)
    BOARD_IP                                 0x20001698   Data           4  tcp_client.o(.data)
    BOARD_NETMASK                            0x2000169c   Data           4  tcp_client.o(.data)
    BOARD_WG                                 0x200016a0   Data           4  tcp_client.o(.data)
    client_sock_fd                           0x200016a4   Data           4  tcp_client.o(.data)
    tcp_recv_flag                            0x200016a8   Data           1  tcp_client.o(.data)
    sem_tcp_rec_flag                         0x200016ac   Data           4  tcp_client.o(.data)
    tcp_recv_len                             0x200016b0   Data           4  tcp_client.o(.data)
    sta_wifi_dev                             0x200016b8   Data           4  wifi.o(.data)
    ap_wifi_dev                              0x200016bc   Data           4  wifi.o(.data)
    wifi_dev                                 0x200016c0   Data           4  wifi.o(.data)
    __stdout                                 0x200016c4   Data           4  stdout.o(.data)
    __microlib_freelist                      0x200016c8   Data           4  mvars.o(.data)
    __microlib_freelist_initialised          0x200016cc   Data           4  mvars.o(.data)
    cccr                                     0x200016d0   Data          12  sdcard.o(.bss)
    func                                     0x200016dc   Data          48  sdcard.o(.bss)
    m25_flash                                0x2000170c   Data          24  w25p80.o(.bss)
    OSEventTbl                               0x20001724   Data         960  os_core.o(.bss)
    OSFlagTbl                                0x20001ae4   Data          80  os_core.o(.bss)
    OSTaskStatStk                            0x20001b34   Data         256  os_core.o(.bss)
    OSTaskIdleStk                            0x20001c34   Data         128  os_core.o(.bss)
    OSTCBPrioTbl                             0x20001cb4   Data         132  os_core.o(.bss)
    OSTCBTbl                                 0x20001d38   Data        1472  os_core.o(.bss)
    OSMemTbl                                 0x200022f8   Data         120  os_core.o(.bss)
    OSQTbl                                   0x20002370   Data         384  os_core.o(.bss)
    OSTmrTbl                                 0x200024f0   Data         960  os_core.o(.bss)
    OSTmrTaskStk                             0x200028b0   Data         256  os_core.o(.bss)
    OSTmrWheelTbl                            0x200029b0   Data          64  os_core.o(.bss)
    sockets                                  0x200029f0   Data         192  sockets.o(.bss)
    nulltimeouts                             0x20002ab0   Data          12  sys_arch.o(.bss)
    dhcp_rx_options_val                      0x20002abc   Data          36  dhcp.o(.bss)
    dhcp_rx_options_given                    0x20002ae0   Data           9  dhcp.o(.bss)
    lwip_stats                               0x20002ba4   Data         232  stats.o(.bss)
    server_config                            0x20002cfc   Data         100  dhcpd.o(.bss)
    lastest_scan_result                      0x20002d60   Data          55  usr_cfg.o(.bss)
    g_qMsgIntTb1                             0x20002ee4   Data          32  main.o(.bss)
    MemPart                                  0x20002f04   Data       16384  main.o(.bss)
    mcuID                                    0x20006f04   Data          12  main.o(.bss)
    if_wifi                                  0x20006f10   Data          56  test_wifi.o(.bss)
    RS232_buff                               0x20006f48   Data         100  sci.o(.bss)
    RS485_buff                               0x20006fac   Data         100  sci.o(.bss)
    tcp_recv_buff                            0x20007010   Data        2048  tcp_client.o(.bss)
    __heap_base                              0x20007810   Data           0  startup_stm32f4xx.o(HEAP)
    __heap_limit                             0x20007a10   Data           0  startup_stm32f4xx.o(HEAP)
    Image$$RW_IRAM1$$ZI$$Limit               0x20007e10   Number         0  anon$$obj.o ABSOLUTE
    __initial_sp                             0x20007e10   Data           0  startup_stm32f4xx.o(STACK)



==============================================================================

Memory Map of the image

  Image Entry point : 0x08000189

  Load Region LR_IROM1 (Base: 0x08000000, Size: 0x000908f0, Max: 0x00100000, ABSOLUTE, COMPRESSED[0x0008f8bc])

    Execution Region ER_IROM1 (Base: 0x08000000, Size: 0x0008f220, Max: 0x00100000, ABSOLUTE)

    Base Addr    Size         Type   Attr      Idx    E Section Name        Object

    0x08000000   0x00000188   Data   RO          379    RESET               startup_stm32f4xx.o
    0x08000188   0x00000000   Code   RO         4649  * .ARM.Collect$$$$00000000  mc_w.l(entry.o)
    0x08000188   0x00000004   Code   RO         4997    .ARM.Collect$$$$00000001  mc_w.l(entry2.o)
    0x0800018c   0x00000004   Code   RO         5000    .ARM.Collect$$$$00000004  mc_w.l(entry5.o)
    0x08000190   0x00000000   Code   RO         5002    .ARM.Collect$$$$00000008  mc_w.l(entry7b.o)
    0x08000190   0x00000000   Code   RO         5004    .ARM.Collect$$$$0000000A  mc_w.l(entry8b.o)
    0x08000190   0x00000008   Code   RO         5005    .ARM.Collect$$$$0000000B  mc_w.l(entry9a.o)
    0x08000198   0x00000000   Code   RO         5007    .ARM.Collect$$$$0000000D  mc_w.l(entry10a.o)
    0x08000198   0x00000000   Code   RO         5009    .ARM.Collect$$$$0000000F  mc_w.l(entry11a.o)
    0x08000198   0x00000004   Code   RO         4998    .ARM.Collect$$$$00002712  mc_w.l(entry2.o)
    0x0800019c   0x000000e0   Code   RO            3    .text               misc.o
    0x0800027c   0x000003a8   Code   RO           75    .text               stm32f4xx_dma.o
    0x08000624   0x0000025c   Code   RO          124    .text               stm32f4xx_gpio.o
    0x08000880   0x00000588   Code   RO          147    .text               stm32f4xx_rcc.o
    0x08000e08   0x000000a0   Code   RO          169    .text               stm32f4xx_rng.o
    0x08000ea8   0x000001dc   Code   RO          192    .text               stm32f4xx_sdio.o
    0x08001084   0x000003f8   Code   RO          215    .text               stm32f4xx_spi.o
    0x0800147c   0x0000008c   Code   RO          238    .text               stm32f4xx_syscfg.o
    0x08001508   0x0000041a   Code   RO          284    .text               stm32f4xx_usart.o
    0x08001922   0x00000002   PAD
    0x08001924   0x0000011c   Code   RO          307    .text               stm32f4xx_exti.o
    0x08001a40   0x00000040   Code   RO          330    .text               stm32f4xx_iwdg.o
    0x08001a80   0x00000200   Code   RO          353    .text               system_stm32f4xx.o
    0x08001c80   0x00000024   Code   RO          380    .text               startup_stm32f4xx.o
    0x08001ca4   0x000018e4   Code   RO          386    .text               sdcard.o
    0x08003588   0x00000a7c   Code   RO          752    .text               w25p80.o
    0x08004004   0x00000248   Code   RO          817    .text               driver_misc.o
    0x0800424c   0x000006e4   Code   RO          841    .text               parallel.o
    0x08004930   0x0000018c   Code   RO          954    .text               exti.o
    0x08004abc   0x00000cb8   Code   RO          973    .text               os_core.o
    0x08005774   0x000007fc   Code   RO          996    .text               os_flag.o
    0x08005f70   0x000001d4   Code   RO         1020    .text               os_mem.o
    0x08006144   0x000005e8   Code   RO         1044    .text               os_q.o
    0x0800672c   0x000003a8   Code   RO         1056    .text               os_sem.o
    0x08006ad4   0x00000848   Code   RO         1068    .text               os_task.o
    0x0800731c   0x00000198   Code   RO         1080    .text               os_time.o
    0x080074b4   0x0000071c   Code   RO         1092    .text               os_tmr.o
    0x08007bd0   0x000001a8   Code   RO         1110    .text               os_cpu_c.o
    0x08007d78   0x000000a4   Code   RO         1345    .text               os_cpu_a.o
    0x08007e1c   0x000000c6   Code   RO         1348    .text               atomic.o
    0x08007ee2   0x00000002   PAD
    0x08007ee4   0x0000016c   Code   RO         1388    .text               mutex.o
    0x08008050   0x00000524   Code   RO         1412    .text               task.o
    0x08008574   0x000004cc   Code   RO         1427    .text               timer.o
    0x08008a40   0x000002ac   Code   RO         1440    .text               wait.o
    0x08008cec   0x00001250   Code   RO         1454    .text               memory.o
    0x08009f3c   0x00000e30   Code   RO         1578    .text               api_lib.o
    0x0800ad6c   0x00001b04   Code   RO         1628    .text               api_msg.o
    0x0800c870   0x00000420   Code   RO         1727    .text               netbuf.o
    0x0800cc90   0x00001f44   Code   RO         1786    .text               sockets.o
    0x0800ebd4   0x000003cc   Code   RO         1836    .text               tcpip.o
    0x0800efa0   0x00000620   Code   RO         1871    .text               sys_arch.o
    0x0800f5c0   0x00001c24   Code   RO         1948    .text               dhcp.o
    0x080111e4   0x000007ec   Code   RO         1991    .text               dns.o
    0x080119d0   0x00000028   Code   RO         2008    .text               init.o
    0x080119f8   0x0000034c   Code   RO         2079    .text               netif.o
    0x08011d44   0x000012f0   Code   RO         2104    .text               pbuf.o
    0x08013034   0x00000244   Code   RO         2132    .text               raw.o
    0x08013278   0x00000002   Code   RO         2147    .text               stats.o
    0x0801327a   0x00000002   PAD
    0x0801327c   0x0000170c   Code   RO         2177    .text               tcp.o
    0x08014988   0x000020fc   Code   RO         2204    .text               tcp_in.o
    0x08016a84   0x0000167c   Code   RO         2230    .text               tcp_out.o
    0x08018100   0x0000037c   Code   RO         2244    .text               timers.o
    0x0801847c   0x00000718   Code   RO         2289    .text               udp.o
    0x08018b94   0x000004c8   Code   RO         2325    .text               icmp.o
    0x0801905c   0x00000820   Code   RO         2337    .text               igmp.o
    0x0801987c   0x000002c4   Code   RO         2361    .text               inet_chksum.o
    0x08019b40   0x0000063c   Code   RO         2373    .text               ip.o
    0x0801a17c   0x000004cc   Code   RO         2422    .text               ip_addr.o
    0x0801a648   0x00000bcc   Code   RO         2445    .text               ip_frag.o
    0x0801b214   0x000003b8   Code   RO         2460    .text               ethernetif.o
    0x0801b5cc   0x00000fb4   Code   RO         2507    .text               etharp.o
    0x0801c580   0x000006a4   Code   RO         2551    .text               dhcpd.o
    0x0801cc24   0x00000300   Code   RO         2620    .text               leases.o
    0x0801cf24   0x00000298   Code   RO         2710    .text               options.o
    0x0801d1bc   0x00000354   Code   RO         2752    .text               packet.o
    0x0801d510   0x00000680   Code   RO         2806    .text               serverpacket.o
    0x0801db90   0x000013a6   Code   RO         2852    .text               skbuff.o
    0x0801ef36   0x00000002   PAD
    0x0801ef38   0x00000ec4   Code   RO         2912    .text               usr_cfg.o
    0x0801fdfc   0x00001018   Code   RO         2950    .text               moal_cfg80211.o
    0x08020e14   0x00002aa8   Code   RO         3007    .text               moal_ioctl.o
    0x080238bc   0x000023dc   Code   RO         3059    .text               moal_main.o
    0x08025c98   0x00000ac8   Code   RO         3136    .text               moal_sdio_mmc.o
    0x08026760   0x00000c40   Code   RO         3313    .text               moal_shim.o
    0x080273a0   0x000018bc   Code   RO         3357    .text               moal_sta_cfg80211.o
    0x08028c5c   0x00001d40   Code   RO         3378    .text               moal_uap.o
    0x0802a99c   0x000008ac   Code   RO         3402    .text               moal_uap_cfg80211.o
    0x0802b248   0x0000013e   Code   RO         3418    .text               moal_uap_priv.o
    0x0802b386   0x00000002   PAD
    0x0802b388   0x00001f8c   Code   RO         3430    .text               mlan_11h.o
    0x0802d314   0x00001854   Code   RO         3468    .text               mlan_11n.o
    0x0802eb68   0x00000784   Code   RO         3500    .text               mlan_11n_aggr.o
    0x0802f2ec   0x00000c76   Code   RO         3529    .text               mlan_11n_rxreorder.o
    0x0802ff62   0x00000002   PAD
    0x0802ff64   0x00000c3a   Code   RO         3551    .text               mlan_cfp.o
    0x08030b9e   0x00000002   PAD
    0x08030ba0   0x00002514   Code   RO         3578    .text               mlan_cmdevt.o
    0x080330b4   0x00000d8a   Code   RO         3605    .text               mlan_init.o
    0x08033e3e   0x00000002   PAD
    0x08033e40   0x00001a88   Code   RO         3637    .text               mlan_join.o
    0x080358c8   0x0000024c   Code   RO         3660    .text               mlan_meas.o
    0x08035b14   0x00002256   Code   RO         3677    .text               mlan_misc.o
    0x08037d6a   0x00000002   PAD
    0x08037d6c   0x00003814   Code   RO         3706    .text               mlan_scan.o
    0x0803b580   0x00000e5e   Code   RO         3733    .text               mlan_sdio.o
    0x0803c3de   0x00000002   PAD
    0x0803c3e0   0x00000cae   Code   RO         3752    .text               mlan_shim.o
    0x0803d08e   0x00000002   PAD
    0x0803d090   0x00001636   Code   RO         3777    .text               mlan_sta_cmd.o
    0x0803e6c6   0x00000002   PAD
    0x0803e6c8   0x000012ca   Code   RO         3789    .text               mlan_sta_cmdresp.o
    0x0803f992   0x00000002   PAD
    0x0803f994   0x00000820   Code   RO         3801    .text               mlan_sta_event.o
    0x080401b4   0x00003f44   Code   RO         3813    .text               mlan_sta_ioctl.o
    0x080440f8   0x000002e8   Code   RO         3836    .text               mlan_sta_rx.o
    0x080443e0   0x000002f4   Code   RO         3852    .text               mlan_sta_tx.o
    0x080446d4   0x0000051c   Code   RO         3874    .text               mlan_txrx.o
    0x08044bf0   0x00002ea0   Code   RO         3896    .text               mlan_uap_cmdevent.o
    0x08047a90   0x00001108   Code   RO         3908    .text               mlan_uap_ioctl.o
    0x08048b98   0x0000068e   Code   RO         3922    .text               mlan_uap_txrx.o
    0x08049226   0x00000002   PAD
    0x08049228   0x000023d0   Code   RO         3934    .text               mlan_wmm.o
    0x0804b5f8   0x00000e78   Code   RO         3963    .text               mlan_11d.o
    0x0804c470   0x00000478   Code   RO         3979    .text               main.o
    0x0804c8e8   0x00000108   Code   RO         4006    .text               led.o
    0x0804c9f0   0x0000105c   Code   RO         4026    .text               test_wifi.o
    0x0804da4c   0x0000011c   Code   RO         4065    .text               sys_misc.o
    0x0804db68   0x00000190   Code   RO         4087    .text               sci.o
    0x0804dcf8   0x000001dc   Code   RO         4134    .text               task_parallet.o
    0x0804ded4   0x00000408   Code   RO         4165    .text               tcp_client.o
    0x0804e2dc   0x000008c4   Code   RO         4192    .text               ZQWL_ETH_APP.lib(wifi.o)
    0x0804eba0   0x00000528   Code   RO         4608    .text               ZQWL_ETH_APP.lib(wifi_config.o)
    0x0804f0c8   0x000003b4   Code   RO         4633    .text               ZQWL_ETH_APP.lib(zqwl_eth_driver.o)
    0x0804f47c   0x00000008   Code   RO         4652    .text               mc_w.l(ctype_o.o)
    0x0804f484   0x0000000c   Code   RO         4680    .text               mc_w.l(tolower.o)
    0x0804f490   0x00000042   Code   RO         4686    .text               mc_w.l(memmove.o)
    0x0804f4d2   0x00000024   Code   RO         4692    .text               mc_w.l(memseta.o)
    0x0804f4f6   0x00000018   Code   RO         4694    .text               mc_w.l(strcat.o)
    0x0804f50e   0x00000018   Code   RO         4696    .text               mc_w.l(strncpy.o)
    0x0804f526   0x0000000e   Code   RO         4698    .text               mc_w.l(strlen.o)
    0x0804f534   0x0000001c   Code   RO         4700    .text               mc_w.l(strcmp.o)
    0x0804f550   0x0000001a   Code   RO         4702    .text               mc_w.l(memcmp.o)
    0x0804f56a   0x00000012   Code   RO         4704    .text               mc_w.l(strcpy.o)
    0x0804f57c   0x0000001e   Code   RO         4706    .text               mc_w.l(strncmp.o)
    0x0804f59a   0x0000002c   Code   RO         5012    .text               mc_w.l(uidiv.o)
    0x0804f5c6   0x00000062   Code   RO         5014    .text               mc_w.l(uldiv.o)
    0x0804f628   0x00000000   Code   RO         5027    .text               mc_w.l(iusefp.o)
    0x0804f628   0x0000014e   Code   RO         5028    .text               mf_w.l(dadd.o)
    0x0804f776   0x000000e4   Code   RO         5030    .text               mf_w.l(dmul.o)
    0x0804f85a   0x000000de   Code   RO         5032    .text               mf_w.l(ddiv.o)
    0x0804f938   0x00000030   Code   RO         5034    .text               mf_w.l(dfixul.o)
    0x0804f968   0x00000030   Code   RO         5036    .text               mf_w.l(cdrcmple.o)
    0x0804f998   0x00000024   Code   RO         5038    .text               mc_w.l(init.o)
    0x0804f9bc   0x0000001e   Code   RO         5040    .text               mc_w.l(llshl.o)
    0x0804f9da   0x00000020   Code   RO         5042    .text               mc_w.l(llushr.o)
    0x0804f9fa   0x00000024   Code   RO         5044    .text               mc_w.l(llsshr.o)
    0x0804fa1e   0x000000ba   Code   RO         5048    .text               mf_w.l(depilogue.o)
    0x0804fad8   0x0000005e   Code   RO         5060    .text               mc_w.l(__dclz77c.o)
    0x0804fb36   0x00000002   PAD
    0x0804fb38   0x00000020   Code   RO         4923    i.__0printf$8       mc_w.l(printf8.o)
    0x0804fb58   0x00000030   Code   RO         4950    i.__0snprintf       mc_w.l(printfa.o)
    0x0804fb88   0x00000030   Code   RO         4924    i.__0snprintf$8     mc_w.l(printf8.o)
    0x0804fbb8   0x00000028   Code   RO         4925    i.__0sprintf$8      mc_w.l(printf8.o)
    0x0804fbe0   0x0000005c   Code   RO         4977    i.__free$realloc    mc_w.l(mallocr.o)
    0x0804fc3c   0x00000050   Code   RO         4978    i.__malloc$realloc  mc_w.l(mallocr.o)
    0x0804fc8c   0x0000000e   Code   RO         5054    i.__scatterload_copy  mc_w.l(handlers.o)
    0x0804fc9a   0x00000002   Code   RO         5055    i.__scatterload_null  mc_w.l(handlers.o)
    0x0804fc9c   0x0000000e   Code   RO         5056    i.__scatterload_zeroinit  mc_w.l(handlers.o)
    0x0804fcaa   0x00000002   PAD
    0x0804fcac   0x00000184   Code   RO         4956    i._fp_digits        mc_w.l(printfa.o)
    0x0804fe30   0x00000410   Code   RO         4930    i._printf_core      mc_w.l(printf8.o)
    0x08050240   0x000006dc   Code   RO         4957    i._printf_core      mc_w.l(printfa.o)
    0x0805091c   0x00000024   Code   RO         4931    i._printf_post_padding  mc_w.l(printf8.o)
    0x08050940   0x00000024   Code   RO         4958    i._printf_post_padding  mc_w.l(printfa.o)
    0x08050964   0x0000002e   Code   RO         4932    i._printf_pre_padding  mc_w.l(printf8.o)
    0x08050992   0x0000002e   Code   RO         4959    i._printf_pre_padding  mc_w.l(printfa.o)
    0x080509c0   0x00000016   Code   RO         4933    i._snputc           mc_w.l(printf8.o)
    0x080509d6   0x00000016   Code   RO         4960    i._snputc           mc_w.l(printfa.o)
    0x080509ec   0x0000000a   Code   RO         4934    i._sputc            mc_w.l(printf8.o)
    0x080509f6   0x00000002   PAD
    0x080509f8   0x0000001c   Code   RO         1128    i.exit_interrupt    os_cpu_c.o
    0x08050a14   0x00000050   Code   RO         4979    i.internal_alloc    mc_w.l(mallocr.o)
    0x08050a64   0x0000000c   Code   RO          411    i.local_irq_restore  sdcard.o
    0x08050a70   0x0000000e   Code   RO          406    i.local_irq_save    sdcard.o
    0x08050a7e   0x00000002   PAD
    0x08050a80   0x0000006c   Code   RO         4980    i.realloc           mc_w.l(mallocr.o)
    0x08050aec   0x00000016   Data   RO          388    .constdata          sdcard.o
    0x08050b02   0x00000040   Data   RO          754    .constdata          w25p80.o
    0x08050b42   0x0000001d   Data   RO          955    .constdata          exti.o
    0x08050b5f   0x00000100   Data   RO          975    .constdata          os_core.o
    0x08050c5f   0x0000001f   Data   RO         1413    .constdata          task.o
    0x08050c7e   0x0000000c   Data   RO         1428    .constdata          timer.o
    0x08050c8a   0x0000004a   Data   RO         1455    .constdata          memory.o
    0x08050cd4   0x0000000d   Data   RO         1579    .constdata          api_lib.o
    0x08050ce1   0x00000020   Data   RO         1629    .constdata          api_msg.o
    0x08050d01   0x0000000b   Data   RO         1728    .constdata          netbuf.o
    0x08050d0c   0x00000040   Data   RO         1788    .constdata          sockets.o
    0x08050d4c   0x0000005a   Data   RO         1837    .constdata          tcpip.o
    0x08050da6   0x00000002   PAD
    0x08050da8   0x00000011   Data   RO         1873    .constdata          sys_arch.o
    0x08050db9   0x00000003   PAD
    0x08050dbc   0x00000004   Data   RO         1936    .constdata          def.o
    0x08050dc0   0x0000000b   Data   RO         1950    .constdata          dhcp.o
    0x08050dcb   0x00000009   Data   RO         1993    .constdata          dns.o
    0x08050dd4   0x00000020   Data   RO         2052    .constdata          memp.o
    0x08050df4   0x0000000b   Data   RO         2105    .constdata          pbuf.o
    0x08050dff   0x00000008   Data   RO         2133    .constdata          raw.o
    0x08050e07   0x00000001   PAD
    0x08050e08   0x0000007f   Data   RO         2178    .constdata          tcp.o
    0x08050e87   0x00000013   Data   RO         2231    .constdata          tcp_out.o
    0x08050e9a   0x0000000c   Data   RO         2245    .constdata          timers.o
    0x08050ea6   0x00000008   Data   RO         2290    .constdata          udp.o
    0x08050eae   0x00000012   Data   RO         2338    .constdata          igmp.o
    0x08050ec0   0x00000008   Data   RO         2424    .constdata          ip_addr.o
    0x08050ec8   0x0000003c   Data   RO         2446    .constdata          ip_frag.o
    0x08050f04   0x0000001e   Data   RO         2461    .constdata          ethernetif.o
    0x08050f22   0x0000000c   Data   RO         2509    .constdata          etharp.o
    0x08050f2e   0x00000034   Data   RO         2553    .constdata          dhcpd.o
    0x08050f62   0x00000019   Data   RO         2621    .constdata          leases.o
    0x08050f7b   0x00000001   PAD
    0x08050f7c   0x0000017a   Data   RO         2711    .constdata          options.o
    0x080510f6   0x0000000b   Data   RO         2753    .constdata          packet.o
    0x08051101   0x00000026   Data   RO         2807    .constdata          serverpacket.o
    0x08051127   0x0000007f   Data   RO         2853    .constdata          skbuff.o
    0x080511a6   0x000000b8   Data   RO         2914    .constdata          usr_cfg.o
    0x0805125e   0x00000002   PAD
    0x08051260   0x0000076e   Data   RO         2951    .constdata          moal_cfg80211.o
    0x080519ce   0x0000005e   Data   RO         3008    .constdata          moal_ioctl.o
    0x08051a2c   0x0003d07b   Data   RO         3061    .constdata          moal_main.o
    0x0808eaa7   0x00000028   Data   RO         3137    .constdata          moal_sdio_mmc.o
    0x0808eacf   0x0000003a   Data   RO         3315    .constdata          moal_shim.o
    0x0808eb09   0x0000002f   Data   RO         3358    .constdata          moal_sta_cfg80211.o
    0x0808eb38   0x00000014   Data   RO         3379    .constdata          moal_uap.o
    0x0808eb4c   0x00000043   Data   RO         3403    .constdata          moal_uap_cfg80211.o
    0x0808eb8f   0x00000010   Data   RO         3431    .constdata          mlan_11h.o
    0x0808eb9f   0x00000001   PAD
    0x0808eba0   0x00000008   Data   RO         3501    .constdata          mlan_11n_aggr.o
    0x0808eba8   0x00000080   Data   RO         3553    .constdata          mlan_cfp.o
    0x0808ec28   0x0000002c   Data   RO         3579    .constdata          mlan_cmdevt.o
    0x0808ec54   0x00000021   Data   RO         3606    .constdata          mlan_init.o
    0x0808ec75   0x00000051   Data   RO         3638    .constdata          mlan_join.o
    0x0808ecc6   0x00000016   Data   RO         3734    .constdata          mlan_sdio.o
    0x0808ecdc   0x0000003f   Data   RO         3814    .constdata          mlan_sta_ioctl.o
    0x0808ed1b   0x00000015   Data   RO         3909    .constdata          mlan_uap_ioctl.o
    0x0808ed30   0x0000001d   Data   RO         3935    .constdata          mlan_wmm.o
    0x0808ed4d   0x00000092   Data   RO         4028    .constdata          test_wifi.o
    0x0808eddf   0x00000012   Data   RO         4066    .constdata          sys_misc.o
    0x0808edf1   0x0000000e   Data   RO         4135    .constdata          task_parallet.o
    0x0808edff   0x00000047   Data   RO         4193    .constdata          ZQWL_ETH_APP.lib(wifi.o)
    0x0808ee46   0x00000026   Data   RO         4609    .constdata          ZQWL_ETH_APP.lib(wifi_config.o)
    0x0808ee6c   0x00000010   Data   RO         4634    .constdata          ZQWL_ETH_APP.lib(zqwl_eth_driver.o)
    0x0808ee7c   0x00000081   Data   RO         4653    .constdata          mc_w.l(ctype_o.o)
    0x0808eefd   0x00000003   PAD
    0x0808ef00   0x00000004   Data   RO         4654    .constdata          mc_w.l(ctype_o.o)
    0x0808ef04   0x0000008c   Data   RO         1951    .conststring        dhcp.o
    0x0808ef90   0x00000044   Data   RO         1994    .conststring        dns.o
    0x0808efd4   0x000000b9   Data   RO         2179    .conststring        tcp.o
    0x0808f08d   0x00000003   PAD
    0x0808f090   0x00000055   Data   RO         2232    .conststring        tcp_out.o
    0x0808f0e5   0x00000003   PAD
    0x0808f0e8   0x00000044   Data   RO         2510    .conststring        etharp.o
    0x0808f12c   0x000000a5   Data   RO         2854    .conststring        skbuff.o
    0x0808f1d1   0x00000003   PAD
    0x0808f1d4   0x0000002a   Data   RO         4167    .conststring        tcp_client.o
    0x0808f1fe   0x00000002   PAD
    0x0808f200   0x00000020   Data   RO         5052    Region$$Table       anon$$obj.o


    Execution Region RW_IRAM1 (Base: 0x20000000, Size: 0x00007e10, Max: 0x00020000, ABSOLUTE, COMPRESSED[0x0000069c])

    Base Addr    Size         Type   Attr      Idx    E Section Name        Object

    0x20000000   0x00000010   Data   RW          148    .data               stm32f4xx_rcc.o
    0x20000010   0x00000014   Data   RW          354    .data               system_stm32f4xx.o
    0x20000024   0x0000000c   Data   RW          389    .data               sdcard.o
    0x20000030   0x00000002   Data   RW          842    .data               parallel.o
    0x20000032   0x00000002   PAD
    0x20000034   0x00000060   Data   RW          976    .data               os_core.o
    0x20000094   0x00000010   Data   RW         1111    .data               os_cpu_c.o
    0x200000a4   0x00000004   Data   RW         1414    .data               task.o
    0x200000a8   0x00000028   Data   RW         1456    .data               memory.o
    0x200000d0   0x0000000c   Data   RW         1789    .data               sockets.o
    0x200000dc   0x00000010   Data   RW         1838    .data               tcpip.o
    0x200000ec   0x00000004   Data   RW         1874    .data               sys_arch.o
    0x200000f0   0x00000004   Data   RW         1952    .data               dhcp.o
    0x200000f4   0x00000010   Data   RW         1995    .data               dns.o
    0x20000104   0x00000009   Data   RW         2080    .data               netif.o
    0x2000010d   0x00000001   Data   RW         2106    .data               pbuf.o
    0x2000010e   0x00000002   PAD
    0x20000110   0x00000004   Data   RW         2134    .data               raw.o
    0x20000114   0x00000024   Data   RW         2180    .data               tcp.o
    0x20000138   0x00000020   Data   RW         2206    .data               tcp_in.o
    0x20000158   0x00000008   Data   RW         2246    .data               timers.o
    0x20000160   0x00000008   Data   RW         2291    .data               udp.o
    0x20000168   0x0000000c   Data   RW         2339    .data               igmp.o
    0x20000174   0x00000012   Data   RW         2374    .data               ip.o
    0x20000186   0x00000002   PAD
    0x20000188   0x00000006   Data   RW         2447    .data               ip_frag.o
    0x2000018e   0x00000002   PAD
    0x20000190   0x00000008   Data   RW         2462    .data               ethernetif.o
    0x20000198   0x00000001   Data   RW         2511    .data               etharp.o
    0x20000199   0x00000003   PAD
    0x2000019c   0x00000008   Data   RW         2554    .data               dhcpd.o
    0x200001a4   0x00000004   Data   RW         2855    .data               skbuff.o
    0x200001a8   0x00000004   Data   RW         2915    .data               usr_cfg.o
    0x200001ac   0x0000005c   Data   RW         2952    .data               moal_cfg80211.o
    0x20000208   0x00000024   Data   RW         3009    .data               moal_ioctl.o
    0x2000022c   0x0000005c   Data   RW         3062    .data               moal_main.o
    0x20000288   0x00000088   Data   RW         3316    .data               moal_shim.o
    0x20000310   0x00000060   Data   RW         3359    .data               moal_sta_cfg80211.o
    0x20000370   0x00000004   Data   RW         3380    .data               moal_uap.o
    0x20000374   0x00000060   Data   RW         3404    .data               moal_uap_cfg80211.o
    0x200003d4   0x00000001   Data   RW         3469    .data               mlan_11n.o
    0x200003d5   0x00000003   PAD
    0x200003d8   0x00000fc2   Data   RW         3554    .data               mlan_cfp.o
    0x2000139a   0x00000002   PAD
    0x2000139c   0x00000004   Data   RW         3580    .data               mlan_cmdevt.o
    0x200013a0   0x00000001   Data   RW         3661    .data               mlan_meas.o
    0x200013a1   0x00000010   Data   RW         3707    .data               mlan_scan.o
    0x200013b1   0x00000003   PAD
    0x200013b4   0x00000050   Data   RW         3753    .data               mlan_shim.o
    0x20001404   0x00000014   Data   RW         3936    .data               mlan_wmm.o
    0x20001418   0x0000024c   Data   RW         3964    .data               mlan_11d.o
    0x20001664   0x0000000c   Data   RW         3981    .data               main.o
    0x20001670   0x00000014   Data   RW         4029    .data               test_wifi.o
    0x20001684   0x00000004   Data   RW         4067    .data               sys_misc.o
    0x20001688   0x0000000c   Data   RW         4089    .data               sci.o
    0x20001694   0x00000004   Data   RW         4136    .data               task_parallet.o
    0x20001698   0x00000020   Data   RW         4168    .data               tcp_client.o
    0x200016b8   0x0000000c   Data   RW         4194    .data               ZQWL_ETH_APP.lib(wifi.o)
    0x200016c4   0x00000004   Data   RW         5011    .data               mc_w.l(stdout.o)
    0x200016c8   0x00000004   Data   RW         5016    .data               mc_w.l(mvars.o)
    0x200016cc   0x00000004   Data   RW         5017    .data               mc_w.l(mvars.o)
    0x200016d0   0x0000003c   Zero   RW          387    .bss                sdcard.o
    0x2000170c   0x00000018   Zero   RW          753    .bss                w25p80.o
    0x20001724   0x000012cc   Zero   RW          974    .bss                os_core.o
    0x200029f0   0x000000c0   Zero   RW         1787    .bss                sockets.o
    0x20002ab0   0x0000000c   Zero   RW         1872    .bss                sys_arch.o
    0x20002abc   0x0000002d   Zero   RW         1949    .bss                dhcp.o
    0x20002ae9   0x00000003   PAD
    0x20002aec   0x000000b8   Zero   RW         1992    .bss                dns.o
    0x20002ba4   0x000000e8   Zero   RW         2148    .bss                stats.o
    0x20002c8c   0x00000010   Zero   RW         2205    .bss                tcp_in.o
    0x20002c9c   0x00000010   Zero   RW         2423    .bss                ip_addr.o
    0x20002cac   0x00000050   Zero   RW         2508    .bss                etharp.o
    0x20002cfc   0x00000064   Zero   RW         2552    .bss                dhcpd.o
    0x20002d60   0x00000037   Zero   RW         2913    .bss                usr_cfg.o
    0x20002d97   0x00000001   PAD
    0x20002d98   0x00000140   Zero   RW         3314    .bss                moal_shim.o
    0x20002ed8   0x0000000c   Zero   RW         3552    .bss                mlan_cfp.o
    0x20002ee4   0x0000402c   Zero   RW         3980    .bss                main.o
    0x20006f10   0x00000038   Zero   RW         4027    .bss                test_wifi.o
    0x20006f48   0x000000c8   Zero   RW         4088    .bss                sci.o
    0x20007010   0x00000800   Zero   RW         4166    .bss                tcp_client.o
    0x20007810   0x00000200   Zero   RW          378    HEAP                startup_stm32f4xx.o
    0x20007a10   0x00000400   Zero   RW          377    STACK               startup_stm32f4xx.o


==============================================================================

Image component sizes


      Code (inc. data)   RO Data    RW Data    ZI Data      Debug   Object Name

      3632        948         13          0          0      24279   api_lib.o
      6916       1258         32          0          0      33062   api_msg.o
       198          0          0          0          0       2435   atomic.o
         0          0          4          0          0        223   def.o
      7204       1110        151          4         45      20636   dhcp.o
      1700        156         52          8        100      20000   dhcpd.o
      2028        292         77         16        184       6721   dns.o
       584        114          0          0          0       1273   driver_misc.o
      4020        626         80          1         80      75262   etharp.o
       952        220         30          8          0      64368   ethernetif.o
       396         80         29          0          0        963   exti.o
      1224        372          0          0          0       2658   icmp.o
      2080        424         18         12          0       6922   igmp.o
       708         96          0          0          0       3077   inet_chksum.o
        40          0          0          0          0      10073   init.o
      1596        178          0         18          0      13406   ip.o
      1228        110          8          0         16      10348   ip_addr.o
      3020        556         60          6          0       7036   ip_frag.o
       768         58         25          0          0      12927   leases.o
       264         22          0          0          0       1009   led.o
      1144        566          0         12      16428       2408   main.o
      4688        980         74         40          0       8610   memory.o
         0          0         32          0          0       1721   memp.o
       224         20          0          0          0     215441   misc.o
      3704         32          0        588          0      14711   mlan_11d.o
      8076        128         16          0          0     112825   mlan_11h.o
      6228         44          0          1          0      45328   mlan_11n.o
      1924         24          8          0          0      27797   mlan_11n_aggr.o
      3190          4          0          0          0      30516   mlan_11n_rxreorder.o
      3130         98        128       4034         12      90960   mlan_cfp.o
      9492        100         44          4          0      50457   mlan_cmdevt.o
      3466         16         33          0          0      30322   mlan_init.o
      6792        192         81          0          0      31013   mlan_join.o
       588          8          0          1          0      21957   mlan_meas.o
      8790         74          0          0          0      43481   mlan_misc.o
     14356         72          0         16          0      52418   mlan_scan.o
      3678         80         22          0          0      10846   mlan_sdio.o
      3246         32          0         80          0      29116   mlan_shim.o
      5686         34          0          0          0      14617   mlan_sta_cmd.o
      4810         42          0          0          0      13111   mlan_sta_cmdresp.o
      2080         50          0          0          0       3215   mlan_sta_event.o
     16196        522         63          0          0      58189   mlan_sta_ioctl.o
       744         30          0          0          0      21111   mlan_sta_rx.o
       756          6          0          0          0      24591   mlan_sta_tx.o
      1308         28          0          0          0      27391   mlan_txrx.o
     11936        116          0          0          0      21920   mlan_uap_cmdevent.o
      4360        130         21          0          0      12901   mlan_uap_ioctl.o
      1678          4          0          0          0       4011   mlan_uap_txrx.o
      9168        140         29         20          0      56249   mlan_wmm.o
      4120         96       1902         92          0      89586   moal_cfg80211.o
         0          0          0          0          0       8793   moal_debug.o
     10920        294         94         36          0     125373   moal_ioctl.o
      9180        460     249979         92          0     116109   moal_main.o
      2760        268         40          0          0     120438   moal_sdio_mmc.o
      3136        180         58        136        320      47997   moal_shim.o
      6332         84         47         96          0      16922   moal_sta_cfg80211.o
      7488        268         20          4          0      27586   moal_uap.o
      2220         84         67         96          0       6419   moal_uap_cfg80211.o
       318          0          0          0          0       1205   moal_uap_priv.o
       364         84          0          0          0       1303   mutex.o
      1056        346         11          0          0       7945   netbuf.o
         0          0          0          0          0       1544   netdb.o
       844        122          0          9          0       6497   netif.o
       664         12        378          0          0      11617   options.o
      3256        272        256         96       4812      22227   os_core.o
       164         32          0          0          0        376   os_cpu_a.o
       452         34          0         16          0      85453   os_cpu_c.o
      2044         40          0          0          0       7096   os_flag.o
       468         18          0          0          0       3272   os_mem.o
      1512         36          0          0          0       5769   os_q.o
       936         20          0          0          0       4086   os_sem.o
      2120         74          0          0          0       8077   os_task.o
       408         26          0          0          0       1838   os_time.o
      1820        180          0          0          0       6745   os_tmr.o
       852         64         11          0          0      26316   packet.o
      1764        254          0          2          0       5087   parallel.o
      4848       1266         11          1          0      10951   pbuf.o
       580        134          8          4          0       3389   raw.o
       400         20          0         12        200       2196   sci.o
      6398        950         22         12         60     223108   sdcard.o
      1664         90         38          0          0      14567   serverpacket.o
      5030        360        292          4          0     102842   skbuff.o
      8004        780         64         12        192      32308   sockets.o
        36          8        392          0       1536        808   startup_stm32f4xx.o
         2          0          0          0        232       3606   stats.o
       936         32          0          0          0      33961   stm32f4xx_dma.o
       284         10          0          0          0       4643   stm32f4xx_exti.o
       604         36          0          0          0       9637   stm32f4xx_gpio.o
        64          6          0          0          0       1277   stm32f4xx_iwdg.o
      1416         48          0         16          0      10947   stm32f4xx_rcc.o
       160          4          0          0          0       1696   stm32f4xx_rng.o
       476         16          0          0          0      16424   stm32f4xx_sdio.o
      1016         22          0          0          0      14889   stm32f4xx_spi.o
       140         12          0          0          0       1515   stm32f4xx_syscfg.o
      1050         26          0          0          0      13692   stm32f4xx_usart.o
      1568        238         17          4         12       9427   sys_arch.o
       284         68         18          4          0       2284   sys_misc.o
       512         44          0         20          0       1775   system_stm32f4xx.o
      1316        226         31          4          0       5639   task.o
       476        104         14          4          0      28164   task_parallet.o
      5900       1244        312         36          0      22612   tcp.o
      1032        248         42         32       2048       3063   tcp_client.o
      8444       1144          0         32         16      16183   tcp_in.o
      5756        898        104          0          0      10035   tcp_out.o
       972        216         90         16          0      13114   tcpip.o
      4188        572        146         20         56      33008   test_wifi.o
      1228        226         12          0          0       3419   timer.o
       892        194         12          8          0       3983   timers.o
      1816        212          8          8          0      14845   udp.o
      3780        574        184          4         55     102937   usr_cfg.o
      2684        386         64          0         24       9293   w25p80.o
       684        162          0          0          0       1782   wait.o

    ----------------------------------------------------------------------
    319864      24116     255927       5816      26432    2943606   Object Totals
         0          0         32          0          0          0   (incl. Generated)
        30          0         21         19          4          0   (incl. Padding)

    ----------------------------------------------------------------------

      Code (inc. data)   RO Data    RW Data    ZI Data      Debug   Library Member Name

      2244        184         71         12          0     406680   wifi.o
      1320        160         38          0          0       5172   wifi_config.o
       948         30         16          0          0       8094   zqwl_eth_driver.o
        94          0          0          0          0          0   __dclz77c.o
         8          4        133          0          0         68   ctype_o.o
         0          0          0          0          0          0   entry.o
         0          0          0          0          0          0   entry10a.o
         0          0          0          0          0          0   entry11a.o
         8          4          0          0          0          0   entry2.o
         4          0          0          0          0          0   entry5.o
         0          0          0          0          0          0   entry7b.o
         0          0          0          0          0          0   entry8b.o
         8          4          0          0          0          0   entry9a.o
        30          0          0          0          0          0   handlers.o
        36          8          0          0          0         68   init.o
         0          0          0          0          0          0   iusefp.o
        30          0          0          0          0         68   llshl.o
        36          0          0          0          0         68   llsshr.o
        32          0          0          0          0         68   llushr.o
       360         30          0          0          0        356   mallocr.o
        26          0          0          0          0         80   memcmp.o
        66          0          0          0          0         76   memmove.o
        36          0          0          0          0        108   memseta.o
         0          0          0          8          0          0   mvars.o
      1274         64          0          0          0        656   printf8.o
      2296         84          0          0          0        520   printfa.o
         0          0          0          4          0          0   stdout.o
        24          0          0          0          0         68   strcat.o
        28          0          0          0          0         76   strcmp.o
        18          0          0          0          0         68   strcpy.o
        14          0          0          0          0         68   strlen.o
        30          0          0          0          0         80   strncmp.o
        24          0          0          0          0         76   strncpy.o
        12          0          0          0          0         68   tolower.o
        44          0          0          0          0         80   uidiv.o
        98          0          0          0          0         92   uldiv.o
        48          0          0          0          0         68   cdrcmple.o
       334          0          0          0          0        148   dadd.o
       222          0          0          0          0        100   ddiv.o
       186          0          0          0          0        176   depilogue.o
        48          0          0          0          0         68   dfixul.o
       228          0          0          0          0         96   dmul.o

    ----------------------------------------------------------------------
     10220        572        261         24          0     423414   Library Totals
         6          0          3          0          0          0   (incl. Padding)

    ----------------------------------------------------------------------

      Code (inc. data)   RO Data    RW Data    ZI Data      Debug   Library Name

      4512        374        125         12          0     419946   ZQWL_ETH_APP.lib
      4636        198        133         12          0       2812   mc_w.l
      1066          0          0          0          0        656   mf_w.l

    ----------------------------------------------------------------------
     10220        572        261         24          0     423414   Library Totals

    ----------------------------------------------------------------------

==============================================================================


      Code (inc. data)   RO Data    RW Data    ZI Data      Debug   

    330084      24688     256188       5840      26432    3355188   Grand Totals
    330084      24688     256188       1692      26432    3355188   ELF Image Totals (compressed)
    330084      24688     256188       1692          0          0   ROM Totals

==============================================================================

    Total RO  Size (Code + RO Data)               586272 ( 572.53kB)
    Total RW  Size (RW Data + ZI Data)             32272 (  31.52kB)
    Total ROM Size (Code + RO Data + RW Data)     587964 ( 574.18kB)

==============================================================================

