<html>
<body>
<pre>
<h1>µVision Build Log</h1>
<h2>Tool Versions:</h2>
IDE-Version: ¶ÃVision V5.21.1.0
Copyright (C) 2016 ARM Ltd and ARM Germany GmbH. All rights reserved.
License Information: Œ‚Œ¸ yjd, yjd, LIC=MPPFW-Q00Z5-Y7VRW-Q0NVB-IRF7Y-DVXVS
 
Tool Versions:
Toolchain:       MDK-ARM Plus  Version: 5.21a
Toolchain Path:  C:\Keil_v5\ARM\ARMCC\Bin
C Compiler:      Armcc.exe V5.06 update 3 (build 300)
Assembler:       Armasm.exe V5.06 update 3 (build 300)
Linker/Locator:  ArmLink.exe V5.06 update 3 (build 300)
Library Manager: ArmAr.exe V5.06 update 3 (build 300)
Hex Converter:   FromElf.exe V5.06 update 3 (build 300)
CPU DLL:         SARMCM3.DLL V5.21a
Dialog DLL:      DCM.DLL V1.13.8.0
Target DLL:      Segger\JL2CM3.dll V2.99.23.0
Dialog DLL:      TCM.DLL V1.14.14.0
 
<h2>Project:</h2>
E:\lhb\lhbzyy\work\smartStm32\yjd-master2 - ok\project\wifi.uvproj
Project File Date:  04/15/2017

<h2>Output:</h2>
*** Using Compiler 'V5.06 update 3 (build 300)', folder: 'C:\Keil_v5\ARM\ARMCC\Bin'
Build target 'mcu_wifi'
compiling TCP_CLient.C...
..\net\lwip\src\include\ipv4\lwip/ip_addr.h(53): warning:  #3135-D: attribute does not apply to any entity
  PACK_STRUCT_BEGIN
..\net\lwip\src\include\ipv4\lwip/ip_addr.h(74): warning:  #3135-D: attribute does not apply to any entity
  PACK_STRUCT_BEGIN
..\net\wlan_src\mlinux\ieee80211.h(627): warning:  #3135-D: attribute does not apply to any entity
  __packed struct ieee80211_mgmt {
..\net\wlan_src\mlinux\ieee80211.h(764): warning:  #3135-D: attribute does not apply to any entity
  __packed struct ieee80211_mmie {
..\net\wlan_src\mlinux\ieee80211.h(773): warning:  #3135-D: attribute does not apply to any entity
  __packed struct ieee80211_rts {
..\net\wlan_src\mlinux\ieee80211.h(780): warning:  #3135-D: attribute does not apply to any entity
  __packed struct ieee80211_cts {
..\net\wlan_src\mlinux\ieee80211.h(786): warning:  #3135-D: attribute does not apply to any entity
  __packed struct ieee80211_pspoll {
..\net\wlan_src\mlinux\ieee80211.h(799): warning:  #3135-D: attribute does not apply to any entity
  __packed struct ieee80211_bar {
..\net\wlan_src\mlinux\ieee80211.h(1033): warning:  #3135-D: attribute does not apply to any entity
  __packed struct ieee80211_ht_cap {
..\net\lwip\src\include\lwip/pbuf.h(79): warning:  #3135-D: attribute does not apply to any entity
  __packed struct pbuf {
..\net\lwip\src\include\ipv4\lwip/ip.h(115): warning:  #3135-D: attribute does not apply to any entity
  PACK_STRUCT_BEGIN
..\net\lwip\src\include\ipv4\lwip/icmp.h(78): warning:  #3135-D: attribute does not apply to any entity
  PACK_STRUCT_BEGIN
..\net\lwip\src\include\lwip/udp.h(54): warning:  #3135-D: attribute does not apply to any entity
  PACK_STRUCT_BEGIN
..\net\lwip\src\include\lwip/dhcp.h(72): warning:  #3135-D: attribute does not apply to any entity
  PACK_STRUCT_BEGIN
..\app\src\TCP_CLient.C(96): warning:  #177-D: variable "i" was declared but never referenced
  	int				i;
..\app\src\TCP_CLient.C: 15 warnings, 0 errors
linking...
Program Size: Code=329704 RO-data=256188 RW-data=5836 ZI-data=26436  
FromELF: creating hex file...
".\out\wifi.axf" - 0 Error(s), 15 Warning(s).
Build Time Elapsed:  00:00:06
</pre>
</body>
</html>
